The system is: Linux - 5.4.0-150-generic - x86_64
Compiling the C compiler identification source file "CMakeCCompilerId.c" succeeded.
Compiler: /usr/bin/cc 
Build flags: 
Id flags:  

The output was:
0


Compilation of the C compiler identification source "CMakeCCompilerId.c" produced "a.out"

The C compiler identification is GNU, found in "/home/suhyeon/db-pim/mepid-join-artifact/upmem-2023.2.0-Linux-x86_64/src/backends/build/CMakeFiles/3.17.0/CompilerIdC/a.out"

Compiling the CXX compiler identification source file "CMakeCXXCompilerId.cpp" succeeded.
Compiler: /usr/bin/c++ 
Build flags: 
Id flags:  

The output was:
0


Compilation of the CXX compiler identification source "CMakeCXXCompilerId.cpp" produced "a.out"

The CXX compiler identification is GNU, found in "/home/suhyeon/db-pim/mepid-join-artifact/upmem-2023.2.0-Linux-x86_64/src/backends/build/CMakeFiles/3.17.0/CompilerIdCXX/a.out"

Determining if the C compiler works passed with the following output:
Change Dir: /home/suhyeon/db-pim/mepid-join-artifact/upmem-2023.2.0-Linux-x86_64/src/backends/build/CMakeFiles/CMakeTmp

Run Build Command(s):/usr/bin/make cmTC_10415/fast && /usr/bin/make -f CMakeFiles/cmTC_10415.dir/build.make CMakeFiles/cmTC_10415.dir/build
make[1]: Entering directory '/home/suhyeon/db-pim/mepid-join-artifact/upmem-2023.2.0-Linux-x86_64/src/backends/build/CMakeFiles/CMakeTmp'
Building C object CMakeFiles/cmTC_10415.dir/testCCompiler.c.o
/usr/bin/cc    -o CMakeFiles/cmTC_10415.dir/testCCompiler.c.o   -c /home/suhyeon/db-pim/mepid-join-artifact/upmem-2023.2.0-Linux-x86_64/src/backends/build/CMakeFiles/CMakeTmp/testCCompiler.c
Linking C executable cmTC_10415
/usr/local/bin/cmake -E cmake_link_script CMakeFiles/cmTC_10415.dir/link.txt --verbose=1
/usr/bin/cc      CMakeFiles/cmTC_10415.dir/testCCompiler.c.o  -o cmTC_10415 
make[1]: Leaving directory '/home/suhyeon/db-pim/mepid-join-artifact/upmem-2023.2.0-Linux-x86_64/src/backends/build/CMakeFiles/CMakeTmp'



Detecting C compiler ABI info compiled with the following output:
Change Dir: /home/suhyeon/db-pim/mepid-join-artifact/upmem-2023.2.0-Linux-x86_64/src/backends/build/CMakeFiles/CMakeTmp

Run Build Command(s):/usr/bin/make cmTC_49a7b/fast && /usr/bin/make -f CMakeFiles/cmTC_49a7b.dir/build.make CMakeFiles/cmTC_49a7b.dir/build
make[1]: Entering directory '/home/suhyeon/db-pim/mepid-join-artifact/upmem-2023.2.0-Linux-x86_64/src/backends/build/CMakeFiles/CMakeTmp'
Building C object CMakeFiles/cmTC_49a7b.dir/CMakeCCompilerABI.c.o
/usr/bin/cc   -v -o CMakeFiles/cmTC_49a7b.dir/CMakeCCompilerABI.c.o   -c /usr/local/share/cmake-3.17/Modules/CMakeCCompilerABI.c
Using built-in specs.
COLLECT_GCC=/usr/bin/cc
OFFLOAD_TARGET_NAMES=nvptx-none:amdgcn-amdhsa
OFFLOAD_TARGET_DEFAULT=1
Target: x86_64-linux-gnu
Configured with: ../src/configure -v --with-pkgversion='Ubuntu 11.4.0-2ubuntu1~18.04' --with-bugurl=file:///usr/share/doc/gcc-11/README.Bugs --enable-languages=c,ada,c++,go,brig,d,fortran,objc,obj-c++,m2 --prefix=/usr --with-gcc-major-version-only --program-suffix=-11 --program-prefix=x86_64-linux-gnu- --enable-shared --enable-linker-build-id --libexecdir=/usr/lib --without-included-gettext --enable-threads=posix --libdir=/usr/lib --enable-nls --enable-clocale=gnu --enable-libstdcxx-debug --enable-libstdcxx-time=yes --with-default-libstdcxx-abi=new --enable-gnu-unique-object --disable-vtable-verify --enable-plugin --enable-default-pie --with-system-zlib --enable-libphobos-checking=release --with-target-system-zlib=auto --enable-objc-gc=auto --enable-multiarch --disable-werror --disable-cet --with-arch-32=i686 --with-abi=m64 --with-multilib-list=m32,m64,mx32 --enable-multilib --with-tune=generic --enable-offload-targets=nvptx-none=/build/gcc-11-lGhfd7/gcc-11-11.4.0/debian/tmp-nvptx/usr,amdgcn-amdhsa=/build/gcc-11-lGhfd7/gcc-11-11.4.0/debian/tmp-gcn/usr --without-cuda-driver --enable-checking=release --build=x86_64-linux-gnu --host=x86_64-linux-gnu --target=x86_64-linux-gnu
Thread model: posix
Supported LTO compression algorithms: zlib zstd
gcc version 11.4.0 (Ubuntu 11.4.0-2ubuntu1~18.04) 
COLLECT_GCC_OPTIONS='-v' '-o' 'CMakeFiles/cmTC_49a7b.dir/CMakeCCompilerABI.c.o' '-c' '-mtune=generic' '-march=x86-64' '-dumpdir' 'CMakeFiles/cmTC_49a7b.dir/'
 /usr/lib/gcc/x86_64-linux-gnu/11/cc1 -quiet -v -imultiarch x86_64-linux-gnu /usr/local/share/cmake-3.17/Modules/CMakeCCompilerABI.c -quiet -dumpdir CMakeFiles/cmTC_49a7b.dir/ -dumpbase CMakeCCompilerABI.c.c -dumpbase-ext .c -mtune=generic -march=x86-64 -version -fasynchronous-unwind-tables -fstack-protector-strong -Wformat -Wformat-security -o /tmp/ccW8EbcU.s
GNU C17 (Ubuntu 11.4.0-2ubuntu1~18.04) version 11.4.0 (x86_64-linux-gnu)
	compiled by GNU C version 11.4.0, GMP version 6.1.2, MPFR version 4.0.1, MPC version 1.1.0, isl version isl-0.19-GMP

GGC heuristics: --param ggc-min-expand=100 --param ggc-min-heapsize=131072
ignoring nonexistent directory "/usr/local/include/x86_64-linux-gnu"
ignoring nonexistent directory "/usr/lib/gcc/x86_64-linux-gnu/11/include-fixed"
ignoring nonexistent directory "/usr/lib/gcc/x86_64-linux-gnu/11/../../../../x86_64-linux-gnu/include"
#include "..." search starts here:
#include <...> search starts here:
 /usr/lib/gcc/x86_64-linux-gnu/11/include
 /usr/local/include
 /usr/include/x86_64-linux-gnu
 /usr/include
End of search list.
GNU C17 (Ubuntu 11.4.0-2ubuntu1~18.04) version 11.4.0 (x86_64-linux-gnu)
	compiled by GNU C version 11.4.0, GMP version 6.1.2, MPFR version 4.0.1, MPC version 1.1.0, isl version isl-0.19-GMP

GGC heuristics: --param ggc-min-expand=100 --param ggc-min-heapsize=131072
Compiler executable checksum: a2c89ff8f985677dea31c3fdf85650a1
COLLECT_GCC_OPTIONS='-v' '-o' 'CMakeFiles/cmTC_49a7b.dir/CMakeCCompilerABI.c.o' '-c' '-mtune=generic' '-march=x86-64' '-dumpdir' 'CMakeFiles/cmTC_49a7b.dir/'
 as -v --64 -o CMakeFiles/cmTC_49a7b.dir/CMakeCCompilerABI.c.o /tmp/ccW8EbcU.s
GNU assembler version 2.30 (x86_64-linux-gnu) using BFD version (GNU Binutils for Ubuntu) 2.30
COMPILER_PATH=/usr/lib/gcc/x86_64-linux-gnu/11/:/usr/lib/gcc/x86_64-linux-gnu/11/:/usr/lib/gcc/x86_64-linux-gnu/:/usr/lib/gcc/x86_64-linux-gnu/11/:/usr/lib/gcc/x86_64-linux-gnu/
LIBRARY_PATH=/usr/lib/gcc/x86_64-linux-gnu/11/:/usr/lib/gcc/x86_64-linux-gnu/11/../../../x86_64-linux-gnu/:/usr/lib/gcc/x86_64-linux-gnu/11/../../../../lib/:/lib/x86_64-linux-gnu/:/lib/../lib/:/usr/lib/x86_64-linux-gnu/:/usr/lib/../lib/:/usr/lib/gcc/x86_64-linux-gnu/11/../../../:/lib/:/usr/lib/
COLLECT_GCC_OPTIONS='-v' '-o' 'CMakeFiles/cmTC_49a7b.dir/CMakeCCompilerABI.c.o' '-c' '-mtune=generic' '-march=x86-64' '-dumpdir' 'CMakeFiles/cmTC_49a7b.dir/CMakeCCompilerABI.c.'
Linking C executable cmTC_49a7b
/usr/local/bin/cmake -E cmake_link_script CMakeFiles/cmTC_49a7b.dir/link.txt --verbose=1
/usr/bin/cc     -v CMakeFiles/cmTC_49a7b.dir/CMakeCCompilerABI.c.o  -o cmTC_49a7b 
Using built-in specs.
COLLECT_GCC=/usr/bin/cc
COLLECT_LTO_WRAPPER=/usr/lib/gcc/x86_64-linux-gnu/11/lto-wrapper
OFFLOAD_TARGET_NAMES=nvptx-none:amdgcn-amdhsa
OFFLOAD_TARGET_DEFAULT=1
Target: x86_64-linux-gnu
Configured with: ../src/configure -v --with-pkgversion='Ubuntu 11.4.0-2ubuntu1~18.04' --with-bugurl=file:///usr/share/doc/gcc-11/README.Bugs --enable-languages=c,ada,c++,go,brig,d,fortran,objc,obj-c++,m2 --prefix=/usr --with-gcc-major-version-only --program-suffix=-11 --program-prefix=x86_64-linux-gnu- --enable-shared --enable-linker-build-id --libexecdir=/usr/lib --without-included-gettext --enable-threads=posix --libdir=/usr/lib --enable-nls --enable-clocale=gnu --enable-libstdcxx-debug --enable-libstdcxx-time=yes --with-default-libstdcxx-abi=new --enable-gnu-unique-object --disable-vtable-verify --enable-plugin --enable-default-pie --with-system-zlib --enable-libphobos-checking=release --with-target-system-zlib=auto --enable-objc-gc=auto --enable-multiarch --disable-werror --disable-cet --with-arch-32=i686 --with-abi=m64 --with-multilib-list=m32,m64,mx32 --enable-multilib --with-tune=generic --enable-offload-targets=nvptx-none=/build/gcc-11-lGhfd7/gcc-11-11.4.0/debian/tmp-nvptx/usr,amdgcn-amdhsa=/build/gcc-11-lGhfd7/gcc-11-11.4.0/debian/tmp-gcn/usr --without-cuda-driver --enable-checking=release --build=x86_64-linux-gnu --host=x86_64-linux-gnu --target=x86_64-linux-gnu
Thread model: posix
Supported LTO compression algorithms: zlib zstd
gcc version 11.4.0 (Ubuntu 11.4.0-2ubuntu1~18.04) 
COMPILER_PATH=/usr/lib/gcc/x86_64-linux-gnu/11/:/usr/lib/gcc/x86_64-linux-gnu/11/:/usr/lib/gcc/x86_64-linux-gnu/:/usr/lib/gcc/x86_64-linux-gnu/11/:/usr/lib/gcc/x86_64-linux-gnu/
LIBRARY_PATH=/usr/lib/gcc/x86_64-linux-gnu/11/:/usr/lib/gcc/x86_64-linux-gnu/11/../../../x86_64-linux-gnu/:/usr/lib/gcc/x86_64-linux-gnu/11/../../../../lib/:/lib/x86_64-linux-gnu/:/lib/../lib/:/usr/lib/x86_64-linux-gnu/:/usr/lib/../lib/:/usr/lib/gcc/x86_64-linux-gnu/11/../../../:/lib/:/usr/lib/
COLLECT_GCC_OPTIONS='-v' '-o' 'cmTC_49a7b' '-mtune=generic' '-march=x86-64' '-dumpdir' 'cmTC_49a7b.'
 /usr/lib/gcc/x86_64-linux-gnu/11/collect2 -plugin /usr/lib/gcc/x86_64-linux-gnu/11/liblto_plugin.so -plugin-opt=/usr/lib/gcc/x86_64-linux-gnu/11/lto-wrapper -plugin-opt=-fresolution=/tmp/ccsMNYaZ.res -plugin-opt=-pass-through=-lgcc -plugin-opt=-pass-through=-lgcc_s -plugin-opt=-pass-through=-lc -plugin-opt=-pass-through=-lgcc -plugin-opt=-pass-through=-lgcc_s --build-id --eh-frame-hdr -m elf_x86_64 --hash-style=gnu --as-needed -dynamic-linker /lib64/ld-linux-x86-64.so.2 -pie -z now -z relro -o cmTC_49a7b /usr/lib/gcc/x86_64-linux-gnu/11/../../../x86_64-linux-gnu/Scrt1.o /usr/lib/gcc/x86_64-linux-gnu/11/../../../x86_64-linux-gnu/crti.o /usr/lib/gcc/x86_64-linux-gnu/11/crtbeginS.o -L/usr/lib/gcc/x86_64-linux-gnu/11 -L/usr/lib/gcc/x86_64-linux-gnu/11/../../../x86_64-linux-gnu -L/usr/lib/gcc/x86_64-linux-gnu/11/../../../../lib -L/lib/x86_64-linux-gnu -L/lib/../lib -L/usr/lib/x86_64-linux-gnu -L/usr/lib/../lib -L/usr/lib/gcc/x86_64-linux-gnu/11/../../.. CMakeFiles/cmTC_49a7b.dir/CMakeCCompilerABI.c.o -lgcc --push-state --as-needed -lgcc_s --pop-state -lc -lgcc --push-state --as-needed -lgcc_s --pop-state /usr/lib/gcc/x86_64-linux-gnu/11/crtendS.o /usr/lib/gcc/x86_64-linux-gnu/11/../../../x86_64-linux-gnu/crtn.o
COLLECT_GCC_OPTIONS='-v' '-o' 'cmTC_49a7b' '-mtune=generic' '-march=x86-64' '-dumpdir' 'cmTC_49a7b.'
make[1]: Leaving directory '/home/suhyeon/db-pim/mepid-join-artifact/upmem-2023.2.0-Linux-x86_64/src/backends/build/CMakeFiles/CMakeTmp'



Parsed C implicit include dir info from above output: rv=done
  found start of include info
  found start of implicit include info
    add: [/usr/lib/gcc/x86_64-linux-gnu/11/include]
    add: [/usr/local/include]
    add: [/usr/include/x86_64-linux-gnu]
    add: [/usr/include]
  end of search list found
  collapse include dir [/usr/lib/gcc/x86_64-linux-gnu/11/include] ==> [/usr/lib/gcc/x86_64-linux-gnu/11/include]
  collapse include dir [/usr/local/include] ==> [/usr/local/include]
  collapse include dir [/usr/include/x86_64-linux-gnu] ==> [/usr/include/x86_64-linux-gnu]
  collapse include dir [/usr/include] ==> [/usr/include]
  implicit include dirs: [/usr/lib/gcc/x86_64-linux-gnu/11/include;/usr/local/include;/usr/include/x86_64-linux-gnu;/usr/include]


Parsed C implicit link information from above output:
  link line regex: [^( *|.*[/\])(ld|CMAKE_LINK_STARTFILE-NOTFOUND|([^/\]+-)?ld|collect2)[^/\]*( |$)]
  ignore line: [Change Dir: /home/suhyeon/db-pim/mepid-join-artifact/upmem-2023.2.0-Linux-x86_64/src/backends/build/CMakeFiles/CMakeTmp]
  ignore line: []
  ignore line: [Run Build Command(s):/usr/bin/make cmTC_49a7b/fast && /usr/bin/make -f CMakeFiles/cmTC_49a7b.dir/build.make CMakeFiles/cmTC_49a7b.dir/build]
  ignore line: [make[1]: Entering directory '/home/suhyeon/db-pim/mepid-join-artifact/upmem-2023.2.0-Linux-x86_64/src/backends/build/CMakeFiles/CMakeTmp']
  ignore line: [Building C object CMakeFiles/cmTC_49a7b.dir/CMakeCCompilerABI.c.o]
  ignore line: [/usr/bin/cc   -v -o CMakeFiles/cmTC_49a7b.dir/CMakeCCompilerABI.c.o   -c /usr/local/share/cmake-3.17/Modules/CMakeCCompilerABI.c]
  ignore line: [Using built-in specs.]
  ignore line: [COLLECT_GCC=/usr/bin/cc]
  ignore line: [OFFLOAD_TARGET_NAMES=nvptx-none:amdgcn-amdhsa]
  ignore line: [OFFLOAD_TARGET_DEFAULT=1]
  ignore line: [Target: x86_64-linux-gnu]
  ignore line: [Configured with: ../src/configure -v --with-pkgversion='Ubuntu 11.4.0-2ubuntu1~18.04' --with-bugurl=file:///usr/share/doc/gcc-11/README.Bugs --enable-languages=c ada c++ go brig d fortran objc obj-c++ m2 --prefix=/usr --with-gcc-major-version-only --program-suffix=-11 --program-prefix=x86_64-linux-gnu- --enable-shared --enable-linker-build-id --libexecdir=/usr/lib --without-included-gettext --enable-threads=posix --libdir=/usr/lib --enable-nls --enable-clocale=gnu --enable-libstdcxx-debug --enable-libstdcxx-time=yes --with-default-libstdcxx-abi=new --enable-gnu-unique-object --disable-vtable-verify --enable-plugin --enable-default-pie --with-system-zlib --enable-libphobos-checking=release --with-target-system-zlib=auto --enable-objc-gc=auto --enable-multiarch --disable-werror --disable-cet --with-arch-32=i686 --with-abi=m64 --with-multilib-list=m32 m64 mx32 --enable-multilib --with-tune=generic --enable-offload-targets=nvptx-none=/build/gcc-11-lGhfd7/gcc-11-11.4.0/debian/tmp-nvptx/usr amdgcn-amdhsa=/build/gcc-11-lGhfd7/gcc-11-11.4.0/debian/tmp-gcn/usr --without-cuda-driver --enable-checking=release --build=x86_64-linux-gnu --host=x86_64-linux-gnu --target=x86_64-linux-gnu]
  ignore line: [Thread model: posix]
  ignore line: [Supported LTO compression algorithms: zlib zstd]
  ignore line: [gcc version 11.4.0 (Ubuntu 11.4.0-2ubuntu1~18.04) ]
  ignore line: [COLLECT_GCC_OPTIONS='-v' '-o' 'CMakeFiles/cmTC_49a7b.dir/CMakeCCompilerABI.c.o' '-c' '-mtune=generic' '-march=x86-64' '-dumpdir' 'CMakeFiles/cmTC_49a7b.dir/']
  ignore line: [ /usr/lib/gcc/x86_64-linux-gnu/11/cc1 -quiet -v -imultiarch x86_64-linux-gnu /usr/local/share/cmake-3.17/Modules/CMakeCCompilerABI.c -quiet -dumpdir CMakeFiles/cmTC_49a7b.dir/ -dumpbase CMakeCCompilerABI.c.c -dumpbase-ext .c -mtune=generic -march=x86-64 -version -fasynchronous-unwind-tables -fstack-protector-strong -Wformat -Wformat-security -o /tmp/ccW8EbcU.s]
  ignore line: [GNU C17 (Ubuntu 11.4.0-2ubuntu1~18.04) version 11.4.0 (x86_64-linux-gnu)]
  ignore line: [	compiled by GNU C version 11.4.0  GMP version 6.1.2  MPFR version 4.0.1  MPC version 1.1.0  isl version isl-0.19-GMP]
  ignore line: []
  ignore line: [GGC heuristics: --param ggc-min-expand=100 --param ggc-min-heapsize=131072]
  ignore line: [ignoring nonexistent directory "/usr/local/include/x86_64-linux-gnu"]
  ignore line: [ignoring nonexistent directory "/usr/lib/gcc/x86_64-linux-gnu/11/include-fixed"]
  ignore line: [ignoring nonexistent directory "/usr/lib/gcc/x86_64-linux-gnu/11/../../../../x86_64-linux-gnu/include"]
  ignore line: [#include "..." search starts here:]
  ignore line: [#include <...> search starts here:]
  ignore line: [ /usr/lib/gcc/x86_64-linux-gnu/11/include]
  ignore line: [ /usr/local/include]
  ignore line: [ /usr/include/x86_64-linux-gnu]
  ignore line: [ /usr/include]
  ignore line: [End of search list.]
  ignore line: [GNU C17 (Ubuntu 11.4.0-2ubuntu1~18.04) version 11.4.0 (x86_64-linux-gnu)]
  ignore line: [	compiled by GNU C version 11.4.0  GMP version 6.1.2  MPFR version 4.0.1  MPC version 1.1.0  isl version isl-0.19-GMP]
  ignore line: []
  ignore line: [GGC heuristics: --param ggc-min-expand=100 --param ggc-min-heapsize=131072]
  ignore line: [Compiler executable checksum: a2c89ff8f985677dea31c3fdf85650a1]
  ignore line: [COLLECT_GCC_OPTIONS='-v' '-o' 'CMakeFiles/cmTC_49a7b.dir/CMakeCCompilerABI.c.o' '-c' '-mtune=generic' '-march=x86-64' '-dumpdir' 'CMakeFiles/cmTC_49a7b.dir/']
  ignore line: [ as -v --64 -o CMakeFiles/cmTC_49a7b.dir/CMakeCCompilerABI.c.o /tmp/ccW8EbcU.s]
  ignore line: [GNU assembler version 2.30 (x86_64-linux-gnu) using BFD version (GNU Binutils for Ubuntu) 2.30]
  ignore line: [COMPILER_PATH=/usr/lib/gcc/x86_64-linux-gnu/11/:/usr/lib/gcc/x86_64-linux-gnu/11/:/usr/lib/gcc/x86_64-linux-gnu/:/usr/lib/gcc/x86_64-linux-gnu/11/:/usr/lib/gcc/x86_64-linux-gnu/]
  ignore line: [LIBRARY_PATH=/usr/lib/gcc/x86_64-linux-gnu/11/:/usr/lib/gcc/x86_64-linux-gnu/11/../../../x86_64-linux-gnu/:/usr/lib/gcc/x86_64-linux-gnu/11/../../../../lib/:/lib/x86_64-linux-gnu/:/lib/../lib/:/usr/lib/x86_64-linux-gnu/:/usr/lib/../lib/:/usr/lib/gcc/x86_64-linux-gnu/11/../../../:/lib/:/usr/lib/]
  ignore line: [COLLECT_GCC_OPTIONS='-v' '-o' 'CMakeFiles/cmTC_49a7b.dir/CMakeCCompilerABI.c.o' '-c' '-mtune=generic' '-march=x86-64' '-dumpdir' 'CMakeFiles/cmTC_49a7b.dir/CMakeCCompilerABI.c.']
  ignore line: [Linking C executable cmTC_49a7b]
  ignore line: [/usr/local/bin/cmake -E cmake_link_script CMakeFiles/cmTC_49a7b.dir/link.txt --verbose=1]
  ignore line: [/usr/bin/cc     -v CMakeFiles/cmTC_49a7b.dir/CMakeCCompilerABI.c.o  -o cmTC_49a7b ]
  ignore line: [Using built-in specs.]
  ignore line: [COLLECT_GCC=/usr/bin/cc]
  ignore line: [COLLECT_LTO_WRAPPER=/usr/lib/gcc/x86_64-linux-gnu/11/lto-wrapper]
  ignore line: [OFFLOAD_TARGET_NAMES=nvptx-none:amdgcn-amdhsa]
  ignore line: [OFFLOAD_TARGET_DEFAULT=1]
  ignore line: [Target: x86_64-linux-gnu]
  ignore line: [Configured with: ../src/configure -v --with-pkgversion='Ubuntu 11.4.0-2ubuntu1~18.04' --with-bugurl=file:///usr/share/doc/gcc-11/README.Bugs --enable-languages=c ada c++ go brig d fortran objc obj-c++ m2 --prefix=/usr --with-gcc-major-version-only --program-suffix=-11 --program-prefix=x86_64-linux-gnu- --enable-shared --enable-linker-build-id --libexecdir=/usr/lib --without-included-gettext --enable-threads=posix --libdir=/usr/lib --enable-nls --enable-clocale=gnu --enable-libstdcxx-debug --enable-libstdcxx-time=yes --with-default-libstdcxx-abi=new --enable-gnu-unique-object --disable-vtable-verify --enable-plugin --enable-default-pie --with-system-zlib --enable-libphobos-checking=release --with-target-system-zlib=auto --enable-objc-gc=auto --enable-multiarch --disable-werror --disable-cet --with-arch-32=i686 --with-abi=m64 --with-multilib-list=m32 m64 mx32 --enable-multilib --with-tune=generic --enable-offload-targets=nvptx-none=/build/gcc-11-lGhfd7/gcc-11-11.4.0/debian/tmp-nvptx/usr amdgcn-amdhsa=/build/gcc-11-lGhfd7/gcc-11-11.4.0/debian/tmp-gcn/usr --without-cuda-driver --enable-checking=release --build=x86_64-linux-gnu --host=x86_64-linux-gnu --target=x86_64-linux-gnu]
  ignore line: [Thread model: posix]
  ignore line: [Supported LTO compression algorithms: zlib zstd]
  ignore line: [gcc version 11.4.0 (Ubuntu 11.4.0-2ubuntu1~18.04) ]
  ignore line: [COMPILER_PATH=/usr/lib/gcc/x86_64-linux-gnu/11/:/usr/lib/gcc/x86_64-linux-gnu/11/:/usr/lib/gcc/x86_64-linux-gnu/:/usr/lib/gcc/x86_64-linux-gnu/11/:/usr/lib/gcc/x86_64-linux-gnu/]
  ignore line: [LIBRARY_PATH=/usr/lib/gcc/x86_64-linux-gnu/11/:/usr/lib/gcc/x86_64-linux-gnu/11/../../../x86_64-linux-gnu/:/usr/lib/gcc/x86_64-linux-gnu/11/../../../../lib/:/lib/x86_64-linux-gnu/:/lib/../lib/:/usr/lib/x86_64-linux-gnu/:/usr/lib/../lib/:/usr/lib/gcc/x86_64-linux-gnu/11/../../../:/lib/:/usr/lib/]
  ignore line: [COLLECT_GCC_OPTIONS='-v' '-o' 'cmTC_49a7b' '-mtune=generic' '-march=x86-64' '-dumpdir' 'cmTC_49a7b.']
  link line: [ /usr/lib/gcc/x86_64-linux-gnu/11/collect2 -plugin /usr/lib/gcc/x86_64-linux-gnu/11/liblto_plugin.so -plugin-opt=/usr/lib/gcc/x86_64-linux-gnu/11/lto-wrapper -plugin-opt=-fresolution=/tmp/ccsMNYaZ.res -plugin-opt=-pass-through=-lgcc -plugin-opt=-pass-through=-lgcc_s -plugin-opt=-pass-through=-lc -plugin-opt=-pass-through=-lgcc -plugin-opt=-pass-through=-lgcc_s --build-id --eh-frame-hdr -m elf_x86_64 --hash-style=gnu --as-needed -dynamic-linker /lib64/ld-linux-x86-64.so.2 -pie -z now -z relro -o cmTC_49a7b /usr/lib/gcc/x86_64-linux-gnu/11/../../../x86_64-linux-gnu/Scrt1.o /usr/lib/gcc/x86_64-linux-gnu/11/../../../x86_64-linux-gnu/crti.o /usr/lib/gcc/x86_64-linux-gnu/11/crtbeginS.o -L/usr/lib/gcc/x86_64-linux-gnu/11 -L/usr/lib/gcc/x86_64-linux-gnu/11/../../../x86_64-linux-gnu -L/usr/lib/gcc/x86_64-linux-gnu/11/../../../../lib -L/lib/x86_64-linux-gnu -L/lib/../lib -L/usr/lib/x86_64-linux-gnu -L/usr/lib/../lib -L/usr/lib/gcc/x86_64-linux-gnu/11/../../.. CMakeFiles/cmTC_49a7b.dir/CMakeCCompilerABI.c.o -lgcc --push-state --as-needed -lgcc_s --pop-state -lc -lgcc --push-state --as-needed -lgcc_s --pop-state /usr/lib/gcc/x86_64-linux-gnu/11/crtendS.o /usr/lib/gcc/x86_64-linux-gnu/11/../../../x86_64-linux-gnu/crtn.o]
    arg [/usr/lib/gcc/x86_64-linux-gnu/11/collect2] ==> ignore
    arg [-plugin] ==> ignore
    arg [/usr/lib/gcc/x86_64-linux-gnu/11/liblto_plugin.so] ==> ignore
    arg [-plugin-opt=/usr/lib/gcc/x86_64-linux-gnu/11/lto-wrapper] ==> ignore
    arg [-plugin-opt=-fresolution=/tmp/ccsMNYaZ.res] ==> ignore
    arg [-plugin-opt=-pass-through=-lgcc] ==> ignore
    arg [-plugin-opt=-pass-through=-lgcc_s] ==> ignore
    arg [-plugin-opt=-pass-through=-lc] ==> ignore
    arg [-plugin-opt=-pass-through=-lgcc] ==> ignore
    arg [-plugin-opt=-pass-through=-lgcc_s] ==> ignore
    arg [--build-id] ==> ignore
    arg [--eh-frame-hdr] ==> ignore
    arg [-m] ==> ignore
    arg [elf_x86_64] ==> ignore
    arg [--hash-style=gnu] ==> ignore
    arg [--as-needed] ==> ignore
    arg [-dynamic-linker] ==> ignore
    arg [/lib64/ld-linux-x86-64.so.2] ==> ignore
    arg [-pie] ==> ignore
    arg [-znow] ==> ignore
    arg [-zrelro] ==> ignore
    arg [-o] ==> ignore
    arg [cmTC_49a7b] ==> ignore
    arg [/usr/lib/gcc/x86_64-linux-gnu/11/../../../x86_64-linux-gnu/Scrt1.o] ==> ignore
    arg [/usr/lib/gcc/x86_64-linux-gnu/11/../../../x86_64-linux-gnu/crti.o] ==> ignore
    arg [/usr/lib/gcc/x86_64-linux-gnu/11/crtbeginS.o] ==> ignore
    arg [-L/usr/lib/gcc/x86_64-linux-gnu/11] ==> dir [/usr/lib/gcc/x86_64-linux-gnu/11]
    arg [-L/usr/lib/gcc/x86_64-linux-gnu/11/../../../x86_64-linux-gnu] ==> dir [/usr/lib/gcc/x86_64-linux-gnu/11/../../../x86_64-linux-gnu]
    arg [-L/usr/lib/gcc/x86_64-linux-gnu/11/../../../../lib] ==> dir [/usr/lib/gcc/x86_64-linux-gnu/11/../../../../lib]
    arg [-L/lib/x86_64-linux-gnu] ==> dir [/lib/x86_64-linux-gnu]
    arg [-L/lib/../lib] ==> dir [/lib/../lib]
    arg [-L/usr/lib/x86_64-linux-gnu] ==> dir [/usr/lib/x86_64-linux-gnu]
    arg [-L/usr/lib/../lib] ==> dir [/usr/lib/../lib]
    arg [-L/usr/lib/gcc/x86_64-linux-gnu/11/../../..] ==> dir [/usr/lib/gcc/x86_64-linux-gnu/11/../../..]
    arg [CMakeFiles/cmTC_49a7b.dir/CMakeCCompilerABI.c.o] ==> ignore
    arg [-lgcc] ==> lib [gcc]
    arg [--push-state] ==> ignore
    arg [--as-needed] ==> ignore
    arg [-lgcc_s] ==> lib [gcc_s]
    arg [--pop-state] ==> ignore
    arg [-lc] ==> lib [c]
    arg [-lgcc] ==> lib [gcc]
    arg [--push-state] ==> ignore
    arg [--as-needed] ==> ignore
    arg [-lgcc_s] ==> lib [gcc_s]
    arg [--pop-state] ==> ignore
    arg [/usr/lib/gcc/x86_64-linux-gnu/11/crtendS.o] ==> ignore
    arg [/usr/lib/gcc/x86_64-linux-gnu/11/../../../x86_64-linux-gnu/crtn.o] ==> ignore
  collapse library dir [/usr/lib/gcc/x86_64-linux-gnu/11] ==> [/usr/lib/gcc/x86_64-linux-gnu/11]
  collapse library dir [/usr/lib/gcc/x86_64-linux-gnu/11/../../../x86_64-linux-gnu] ==> [/usr/lib/x86_64-linux-gnu]
  collapse library dir [/usr/lib/gcc/x86_64-linux-gnu/11/../../../../lib] ==> [/usr/lib]
  collapse library dir [/lib/x86_64-linux-gnu] ==> [/lib/x86_64-linux-gnu]
  collapse library dir [/lib/../lib] ==> [/lib]
  collapse library dir [/usr/lib/x86_64-linux-gnu] ==> [/usr/lib/x86_64-linux-gnu]
  collapse library dir [/usr/lib/../lib] ==> [/usr/lib]
  collapse library dir [/usr/lib/gcc/x86_64-linux-gnu/11/../../..] ==> [/usr/lib]
  implicit libs: [gcc;gcc_s;c;gcc;gcc_s]
  implicit dirs: [/usr/lib/gcc/x86_64-linux-gnu/11;/usr/lib/x86_64-linux-gnu;/usr/lib;/lib/x86_64-linux-gnu;/lib]
  implicit fwks: []


Determining if the CXX compiler works passed with the following output:
Change Dir: /home/suhyeon/db-pim/mepid-join-artifact/upmem-2023.2.0-Linux-x86_64/src/backends/build/CMakeFiles/CMakeTmp

Run Build Command(s):/usr/bin/make cmTC_f6c4f/fast && /usr/bin/make -f CMakeFiles/cmTC_f6c4f.dir/build.make CMakeFiles/cmTC_f6c4f.dir/build
make[1]: Entering directory '/home/suhyeon/db-pim/mepid-join-artifact/upmem-2023.2.0-Linux-x86_64/src/backends/build/CMakeFiles/CMakeTmp'
Building CXX object CMakeFiles/cmTC_f6c4f.dir/testCXXCompiler.cxx.o
/usr/bin/c++     -o CMakeFiles/cmTC_f6c4f.dir/testCXXCompiler.cxx.o -c /home/suhyeon/db-pim/mepid-join-artifact/upmem-2023.2.0-Linux-x86_64/src/backends/build/CMakeFiles/CMakeTmp/testCXXCompiler.cxx
Linking CXX executable cmTC_f6c4f
/usr/local/bin/cmake -E cmake_link_script CMakeFiles/cmTC_f6c4f.dir/link.txt --verbose=1
/usr/bin/c++       CMakeFiles/cmTC_f6c4f.dir/testCXXCompiler.cxx.o  -o cmTC_f6c4f 
make[1]: Leaving directory '/home/suhyeon/db-pim/mepid-join-artifact/upmem-2023.2.0-Linux-x86_64/src/backends/build/CMakeFiles/CMakeTmp'



Detecting CXX compiler ABI info compiled with the following output:
Change Dir: /home/suhyeon/db-pim/mepid-join-artifact/upmem-2023.2.0-Linux-x86_64/src/backends/build/CMakeFiles/CMakeTmp

Run Build Command(s):/usr/bin/make cmTC_a0896/fast && /usr/bin/make -f CMakeFiles/cmTC_a0896.dir/build.make CMakeFiles/cmTC_a0896.dir/build
make[1]: Entering directory '/home/suhyeon/db-pim/mepid-join-artifact/upmem-2023.2.0-Linux-x86_64/src/backends/build/CMakeFiles/CMakeTmp'
Building CXX object CMakeFiles/cmTC_a0896.dir/CMakeCXXCompilerABI.cpp.o
/usr/bin/c++    -v -o CMakeFiles/cmTC_a0896.dir/CMakeCXXCompilerABI.cpp.o -c /usr/local/share/cmake-3.17/Modules/CMakeCXXCompilerABI.cpp
Using built-in specs.
COLLECT_GCC=/usr/bin/c++
OFFLOAD_TARGET_NAMES=nvptx-none:amdgcn-amdhsa
OFFLOAD_TARGET_DEFAULT=1
Target: x86_64-linux-gnu
Configured with: ../src/configure -v --with-pkgversion='Ubuntu 11.4.0-2ubuntu1~18.04' --with-bugurl=file:///usr/share/doc/gcc-11/README.Bugs --enable-languages=c,ada,c++,go,brig,d,fortran,objc,obj-c++,m2 --prefix=/usr --with-gcc-major-version-only --program-suffix=-11 --program-prefix=x86_64-linux-gnu- --enable-shared --enable-linker-build-id --libexecdir=/usr/lib --without-included-gettext --enable-threads=posix --libdir=/usr/lib --enable-nls --enable-clocale=gnu --enable-libstdcxx-debug --enable-libstdcxx-time=yes --with-default-libstdcxx-abi=new --enable-gnu-unique-object --disable-vtable-verify --enable-plugin --enable-default-pie --with-system-zlib --enable-libphobos-checking=release --with-target-system-zlib=auto --enable-objc-gc=auto --enable-multiarch --disable-werror --disable-cet --with-arch-32=i686 --with-abi=m64 --with-multilib-list=m32,m64,mx32 --enable-multilib --with-tune=generic --enable-offload-targets=nvptx-none=/build/gcc-11-lGhfd7/gcc-11-11.4.0/debian/tmp-nvptx/usr,amdgcn-amdhsa=/build/gcc-11-lGhfd7/gcc-11-11.4.0/debian/tmp-gcn/usr --without-cuda-driver --enable-checking=release --build=x86_64-linux-gnu --host=x86_64-linux-gnu --target=x86_64-linux-gnu
Thread model: posix
Supported LTO compression algorithms: zlib zstd
gcc version 11.4.0 (Ubuntu 11.4.0-2ubuntu1~18.04) 
COLLECT_GCC_OPTIONS='-v' '-o' 'CMakeFiles/cmTC_a0896.dir/CMakeCXXCompilerABI.cpp.o' '-c' '-shared-libgcc' '-mtune=generic' '-march=x86-64' '-dumpdir' 'CMakeFiles/cmTC_a0896.dir/'
 /usr/lib/gcc/x86_64-linux-gnu/11/cc1plus -quiet -v -imultiarch x86_64-linux-gnu -D_GNU_SOURCE /usr/local/share/cmake-3.17/Modules/CMakeCXXCompilerABI.cpp -quiet -dumpdir CMakeFiles/cmTC_a0896.dir/ -dumpbase CMakeCXXCompilerABI.cpp.cpp -dumpbase-ext .cpp -mtune=generic -march=x86-64 -version -fasynchronous-unwind-tables -fstack-protector-strong -Wformat -Wformat-security -o /tmp/cc2dzH7g.s
GNU C++17 (Ubuntu 11.4.0-2ubuntu1~18.04) version 11.4.0 (x86_64-linux-gnu)
	compiled by GNU C version 11.4.0, GMP version 6.1.2, MPFR version 4.0.1, MPC version 1.1.0, isl version isl-0.19-GMP

GGC heuristics: --param ggc-min-expand=100 --param ggc-min-heapsize=131072
ignoring duplicate directory "/usr/include/x86_64-linux-gnu/c++/11"
ignoring nonexistent directory "/usr/local/include/x86_64-linux-gnu"
ignoring nonexistent directory "/usr/lib/gcc/x86_64-linux-gnu/11/include-fixed"
ignoring nonexistent directory "/usr/lib/gcc/x86_64-linux-gnu/11/../../../../x86_64-linux-gnu/include"
#include "..." search starts here:
#include <...> search starts here:
 /usr/include/c++/11
 /usr/include/x86_64-linux-gnu/c++/11
 /usr/include/c++/11/backward
 /usr/lib/gcc/x86_64-linux-gnu/11/include
 /usr/local/include
 /usr/include/x86_64-linux-gnu
 /usr/include
End of search list.
GNU C++17 (Ubuntu 11.4.0-2ubuntu1~18.04) version 11.4.0 (x86_64-linux-gnu)
	compiled by GNU C version 11.4.0, GMP version 6.1.2, MPFR version 4.0.1, MPC version 1.1.0, isl version isl-0.19-GMP

GGC heuristics: --param ggc-min-expand=100 --param ggc-min-heapsize=131072
Compiler executable checksum: 591a73688016435818d91388d1545f42
COLLECT_GCC_OPTIONS='-v' '-o' 'CMakeFiles/cmTC_a0896.dir/CMakeCXXCompilerABI.cpp.o' '-c' '-shared-libgcc' '-mtune=generic' '-march=x86-64' '-dumpdir' 'CMakeFiles/cmTC_a0896.dir/'
 as -v --64 -o CMakeFiles/cmTC_a0896.dir/CMakeCXXCompilerABI.cpp.o /tmp/cc2dzH7g.s
GNU assembler version 2.30 (x86_64-linux-gnu) using BFD version (GNU Binutils for Ubuntu) 2.30
COMPILER_PATH=/usr/lib/gcc/x86_64-linux-gnu/11/:/usr/lib/gcc/x86_64-linux-gnu/11/:/usr/lib/gcc/x86_64-linux-gnu/:/usr/lib/gcc/x86_64-linux-gnu/11/:/usr/lib/gcc/x86_64-linux-gnu/
LIBRARY_PATH=/usr/lib/gcc/x86_64-linux-gnu/11/:/usr/lib/gcc/x86_64-linux-gnu/11/../../../x86_64-linux-gnu/:/usr/lib/gcc/x86_64-linux-gnu/11/../../../../lib/:/lib/x86_64-linux-gnu/:/lib/../lib/:/usr/lib/x86_64-linux-gnu/:/usr/lib/../lib/:/usr/lib/gcc/x86_64-linux-gnu/11/../../../:/lib/:/usr/lib/
COLLECT_GCC_OPTIONS='-v' '-o' 'CMakeFiles/cmTC_a0896.dir/CMakeCXXCompilerABI.cpp.o' '-c' '-shared-libgcc' '-mtune=generic' '-march=x86-64' '-dumpdir' 'CMakeFiles/cmTC_a0896.dir/CMakeCXXCompilerABI.cpp.'
Linking CXX executable cmTC_a0896
/usr/local/bin/cmake -E cmake_link_script CMakeFiles/cmTC_a0896.dir/link.txt --verbose=1
/usr/bin/c++      -v CMakeFiles/cmTC_a0896.dir/CMakeCXXCompilerABI.cpp.o  -o cmTC_a0896 
Using built-in specs.
COLLECT_GCC=/usr/bin/c++
COLLECT_LTO_WRAPPER=/usr/lib/gcc/x86_64-linux-gnu/11/lto-wrapper
OFFLOAD_TARGET_NAMES=nvptx-none:amdgcn-amdhsa
OFFLOAD_TARGET_DEFAULT=1
Target: x86_64-linux-gnu
Configured with: ../src/configure -v --with-pkgversion='Ubuntu 11.4.0-2ubuntu1~18.04' --with-bugurl=file:///usr/share/doc/gcc-11/README.Bugs --enable-languages=c,ada,c++,go,brig,d,fortran,objc,obj-c++,m2 --prefix=/usr --with-gcc-major-version-only --program-suffix=-11 --program-prefix=x86_64-linux-gnu- --enable-shared --enable-linker-build-id --libexecdir=/usr/lib --without-included-gettext --enable-threads=posix --libdir=/usr/lib --enable-nls --enable-clocale=gnu --enable-libstdcxx-debug --enable-libstdcxx-time=yes --with-default-libstdcxx-abi=new --enable-gnu-unique-object --disable-vtable-verify --enable-plugin --enable-default-pie --with-system-zlib --enable-libphobos-checking=release --with-target-system-zlib=auto --enable-objc-gc=auto --enable-multiarch --disable-werror --disable-cet --with-arch-32=i686 --with-abi=m64 --with-multilib-list=m32,m64,mx32 --enable-multilib --with-tune=generic --enable-offload-targets=nvptx-none=/build/gcc-11-lGhfd7/gcc-11-11.4.0/debian/tmp-nvptx/usr,amdgcn-amdhsa=/build/gcc-11-lGhfd7/gcc-11-11.4.0/debian/tmp-gcn/usr --without-cuda-driver --enable-checking=release --build=x86_64-linux-gnu --host=x86_64-linux-gnu --target=x86_64-linux-gnu
Thread model: posix
Supported LTO compression algorithms: zlib zstd
gcc version 11.4.0 (Ubuntu 11.4.0-2ubuntu1~18.04) 
COMPILER_PATH=/usr/lib/gcc/x86_64-linux-gnu/11/:/usr/lib/gcc/x86_64-linux-gnu/11/:/usr/lib/gcc/x86_64-linux-gnu/:/usr/lib/gcc/x86_64-linux-gnu/11/:/usr/lib/gcc/x86_64-linux-gnu/
LIBRARY_PATH=/usr/lib/gcc/x86_64-linux-gnu/11/:/usr/lib/gcc/x86_64-linux-gnu/11/../../../x86_64-linux-gnu/:/usr/lib/gcc/x86_64-linux-gnu/11/../../../../lib/:/lib/x86_64-linux-gnu/:/lib/../lib/:/usr/lib/x86_64-linux-gnu/:/usr/lib/../lib/:/usr/lib/gcc/x86_64-linux-gnu/11/../../../:/lib/:/usr/lib/
COLLECT_GCC_OPTIONS='-v' '-o' 'cmTC_a0896' '-shared-libgcc' '-mtune=generic' '-march=x86-64' '-dumpdir' 'cmTC_a0896.'
 /usr/lib/gcc/x86_64-linux-gnu/11/collect2 -plugin /usr/lib/gcc/x86_64-linux-gnu/11/liblto_plugin.so -plugin-opt=/usr/lib/gcc/x86_64-linux-gnu/11/lto-wrapper -plugin-opt=-fresolution=/tmp/ccwmPJIl.res -plugin-opt=-pass-through=-lgcc_s -plugin-opt=-pass-through=-lgcc -plugin-opt=-pass-through=-lc -plugin-opt=-pass-through=-lgcc_s -plugin-opt=-pass-through=-lgcc --build-id --eh-frame-hdr -m elf_x86_64 --hash-style=gnu --as-needed -dynamic-linker /lib64/ld-linux-x86-64.so.2 -pie -z now -z relro -o cmTC_a0896 /usr/lib/gcc/x86_64-linux-gnu/11/../../../x86_64-linux-gnu/Scrt1.o /usr/lib/gcc/x86_64-linux-gnu/11/../../../x86_64-linux-gnu/crti.o /usr/lib/gcc/x86_64-linux-gnu/11/crtbeginS.o -L/usr/lib/gcc/x86_64-linux-gnu/11 -L/usr/lib/gcc/x86_64-linux-gnu/11/../../../x86_64-linux-gnu -L/usr/lib/gcc/x86_64-linux-gnu/11/../../../../lib -L/lib/x86_64-linux-gnu -L/lib/../lib -L/usr/lib/x86_64-linux-gnu -L/usr/lib/../lib -L/usr/lib/gcc/x86_64-linux-gnu/11/../../.. CMakeFiles/cmTC_a0896.dir/CMakeCXXCompilerABI.cpp.o -lstdc++ -lm -lgcc_s -lgcc -lc -lgcc_s -lgcc /usr/lib/gcc/x86_64-linux-gnu/11/crtendS.o /usr/lib/gcc/x86_64-linux-gnu/11/../../../x86_64-linux-gnu/crtn.o
COLLECT_GCC_OPTIONS='-v' '-o' 'cmTC_a0896' '-shared-libgcc' '-mtune=generic' '-march=x86-64' '-dumpdir' 'cmTC_a0896.'
make[1]: Leaving directory '/home/suhyeon/db-pim/mepid-join-artifact/upmem-2023.2.0-Linux-x86_64/src/backends/build/CMakeFiles/CMakeTmp'



Parsed CXX implicit include dir info from above output: rv=done
  found start of include info
  found start of implicit include info
    add: [/usr/include/c++/11]
    add: [/usr/include/x86_64-linux-gnu/c++/11]
    add: [/usr/include/c++/11/backward]
    add: [/usr/lib/gcc/x86_64-linux-gnu/11/include]
    add: [/usr/local/include]
    add: [/usr/include/x86_64-linux-gnu]
    add: [/usr/include]
  end of search list found
  collapse include dir [/usr/include/c++/11] ==> [/usr/include/c++/11]
  collapse include dir [/usr/include/x86_64-linux-gnu/c++/11] ==> [/usr/include/x86_64-linux-gnu/c++/11]
  collapse include dir [/usr/include/c++/11/backward] ==> [/usr/include/c++/11/backward]
  collapse include dir [/usr/lib/gcc/x86_64-linux-gnu/11/include] ==> [/usr/lib/gcc/x86_64-linux-gnu/11/include]
  collapse include dir [/usr/local/include] ==> [/usr/local/include]
  collapse include dir [/usr/include/x86_64-linux-gnu] ==> [/usr/include/x86_64-linux-gnu]
  collapse include dir [/usr/include] ==> [/usr/include]
  implicit include dirs: [/usr/include/c++/11;/usr/include/x86_64-linux-gnu/c++/11;/usr/include/c++/11/backward;/usr/lib/gcc/x86_64-linux-gnu/11/include;/usr/local/include;/usr/include/x86_64-linux-gnu;/usr/include]


Parsed CXX implicit link information from above output:
  link line regex: [^( *|.*[/\])(ld|CMAKE_LINK_STARTFILE-NOTFOUND|([^/\]+-)?ld|collect2)[^/\]*( |$)]
  ignore line: [Change Dir: /home/suhyeon/db-pim/mepid-join-artifact/upmem-2023.2.0-Linux-x86_64/src/backends/build/CMakeFiles/CMakeTmp]
  ignore line: []
  ignore line: [Run Build Command(s):/usr/bin/make cmTC_a0896/fast && /usr/bin/make -f CMakeFiles/cmTC_a0896.dir/build.make CMakeFiles/cmTC_a0896.dir/build]
  ignore line: [make[1]: Entering directory '/home/suhyeon/db-pim/mepid-join-artifact/upmem-2023.2.0-Linux-x86_64/src/backends/build/CMakeFiles/CMakeTmp']
  ignore line: [Building CXX object CMakeFiles/cmTC_a0896.dir/CMakeCXXCompilerABI.cpp.o]
  ignore line: [/usr/bin/c++    -v -o CMakeFiles/cmTC_a0896.dir/CMakeCXXCompilerABI.cpp.o -c /usr/local/share/cmake-3.17/Modules/CMakeCXXCompilerABI.cpp]
  ignore line: [Using built-in specs.]
  ignore line: [COLLECT_GCC=/usr/bin/c++]
  ignore line: [OFFLOAD_TARGET_NAMES=nvptx-none:amdgcn-amdhsa]
  ignore line: [OFFLOAD_TARGET_DEFAULT=1]
  ignore line: [Target: x86_64-linux-gnu]
  ignore line: [Configured with: ../src/configure -v --with-pkgversion='Ubuntu 11.4.0-2ubuntu1~18.04' --with-bugurl=file:///usr/share/doc/gcc-11/README.Bugs --enable-languages=c ada c++ go brig d fortran objc obj-c++ m2 --prefix=/usr --with-gcc-major-version-only --program-suffix=-11 --program-prefix=x86_64-linux-gnu- --enable-shared --enable-linker-build-id --libexecdir=/usr/lib --without-included-gettext --enable-threads=posix --libdir=/usr/lib --enable-nls --enable-clocale=gnu --enable-libstdcxx-debug --enable-libstdcxx-time=yes --with-default-libstdcxx-abi=new --enable-gnu-unique-object --disable-vtable-verify --enable-plugin --enable-default-pie --with-system-zlib --enable-libphobos-checking=release --with-target-system-zlib=auto --enable-objc-gc=auto --enable-multiarch --disable-werror --disable-cet --with-arch-32=i686 --with-abi=m64 --with-multilib-list=m32 m64 mx32 --enable-multilib --with-tune=generic --enable-offload-targets=nvptx-none=/build/gcc-11-lGhfd7/gcc-11-11.4.0/debian/tmp-nvptx/usr amdgcn-amdhsa=/build/gcc-11-lGhfd7/gcc-11-11.4.0/debian/tmp-gcn/usr --without-cuda-driver --enable-checking=release --build=x86_64-linux-gnu --host=x86_64-linux-gnu --target=x86_64-linux-gnu]
  ignore line: [Thread model: posix]
  ignore line: [Supported LTO compression algorithms: zlib zstd]
  ignore line: [gcc version 11.4.0 (Ubuntu 11.4.0-2ubuntu1~18.04) ]
  ignore line: [COLLECT_GCC_OPTIONS='-v' '-o' 'CMakeFiles/cmTC_a0896.dir/CMakeCXXCompilerABI.cpp.o' '-c' '-shared-libgcc' '-mtune=generic' '-march=x86-64' '-dumpdir' 'CMakeFiles/cmTC_a0896.dir/']
  ignore line: [ /usr/lib/gcc/x86_64-linux-gnu/11/cc1plus -quiet -v -imultiarch x86_64-linux-gnu -D_GNU_SOURCE /usr/local/share/cmake-3.17/Modules/CMakeCXXCompilerABI.cpp -quiet -dumpdir CMakeFiles/cmTC_a0896.dir/ -dumpbase CMakeCXXCompilerABI.cpp.cpp -dumpbase-ext .cpp -mtune=generic -march=x86-64 -version -fasynchronous-unwind-tables -fstack-protector-strong -Wformat -Wformat-security -o /tmp/cc2dzH7g.s]
  ignore line: [GNU C++17 (Ubuntu 11.4.0-2ubuntu1~18.04) version 11.4.0 (x86_64-linux-gnu)]
  ignore line: [	compiled by GNU C version 11.4.0  GMP version 6.1.2  MPFR version 4.0.1  MPC version 1.1.0  isl version isl-0.19-GMP]
  ignore line: []
  ignore line: [GGC heuristics: --param ggc-min-expand=100 --param ggc-min-heapsize=131072]
  ignore line: [ignoring duplicate directory "/usr/include/x86_64-linux-gnu/c++/11"]
  ignore line: [ignoring nonexistent directory "/usr/local/include/x86_64-linux-gnu"]
  ignore line: [ignoring nonexistent directory "/usr/lib/gcc/x86_64-linux-gnu/11/include-fixed"]
  ignore line: [ignoring nonexistent directory "/usr/lib/gcc/x86_64-linux-gnu/11/../../../../x86_64-linux-gnu/include"]
  ignore line: [#include "..." search starts here:]
  ignore line: [#include <...> search starts here:]
  ignore line: [ /usr/include/c++/11]
  ignore line: [ /usr/include/x86_64-linux-gnu/c++/11]
  ignore line: [ /usr/include/c++/11/backward]
  ignore line: [ /usr/lib/gcc/x86_64-linux-gnu/11/include]
  ignore line: [ /usr/local/include]
  ignore line: [ /usr/include/x86_64-linux-gnu]
  ignore line: [ /usr/include]
  ignore line: [End of search list.]
  ignore line: [GNU C++17 (Ubuntu 11.4.0-2ubuntu1~18.04) version 11.4.0 (x86_64-linux-gnu)]
  ignore line: [	compiled by GNU C version 11.4.0  GMP version 6.1.2  MPFR version 4.0.1  MPC version 1.1.0  isl version isl-0.19-GMP]
  ignore line: []
  ignore line: [GGC heuristics: --param ggc-min-expand=100 --param ggc-min-heapsize=131072]
  ignore line: [Compiler executable checksum: 591a73688016435818d91388d1545f42]
  ignore line: [COLLECT_GCC_OPTIONS='-v' '-o' 'CMakeFiles/cmTC_a0896.dir/CMakeCXXCompilerABI.cpp.o' '-c' '-shared-libgcc' '-mtune=generic' '-march=x86-64' '-dumpdir' 'CMakeFiles/cmTC_a0896.dir/']
  ignore line: [ as -v --64 -o CMakeFiles/cmTC_a0896.dir/CMakeCXXCompilerABI.cpp.o /tmp/cc2dzH7g.s]
  ignore line: [GNU assembler version 2.30 (x86_64-linux-gnu) using BFD version (GNU Binutils for Ubuntu) 2.30]
  ignore line: [COMPILER_PATH=/usr/lib/gcc/x86_64-linux-gnu/11/:/usr/lib/gcc/x86_64-linux-gnu/11/:/usr/lib/gcc/x86_64-linux-gnu/:/usr/lib/gcc/x86_64-linux-gnu/11/:/usr/lib/gcc/x86_64-linux-gnu/]
  ignore line: [LIBRARY_PATH=/usr/lib/gcc/x86_64-linux-gnu/11/:/usr/lib/gcc/x86_64-linux-gnu/11/../../../x86_64-linux-gnu/:/usr/lib/gcc/x86_64-linux-gnu/11/../../../../lib/:/lib/x86_64-linux-gnu/:/lib/../lib/:/usr/lib/x86_64-linux-gnu/:/usr/lib/../lib/:/usr/lib/gcc/x86_64-linux-gnu/11/../../../:/lib/:/usr/lib/]
  ignore line: [COLLECT_GCC_OPTIONS='-v' '-o' 'CMakeFiles/cmTC_a0896.dir/CMakeCXXCompilerABI.cpp.o' '-c' '-shared-libgcc' '-mtune=generic' '-march=x86-64' '-dumpdir' 'CMakeFiles/cmTC_a0896.dir/CMakeCXXCompilerABI.cpp.']
  ignore line: [Linking CXX executable cmTC_a0896]
  ignore line: [/usr/local/bin/cmake -E cmake_link_script CMakeFiles/cmTC_a0896.dir/link.txt --verbose=1]
  ignore line: [/usr/bin/c++      -v CMakeFiles/cmTC_a0896.dir/CMakeCXXCompilerABI.cpp.o  -o cmTC_a0896 ]
  ignore line: [Using built-in specs.]
  ignore line: [COLLECT_GCC=/usr/bin/c++]
  ignore line: [COLLECT_LTO_WRAPPER=/usr/lib/gcc/x86_64-linux-gnu/11/lto-wrapper]
  ignore line: [OFFLOAD_TARGET_NAMES=nvptx-none:amdgcn-amdhsa]
  ignore line: [OFFLOAD_TARGET_DEFAULT=1]
  ignore line: [Target: x86_64-linux-gnu]
  ignore line: [Configured with: ../src/configure -v --with-pkgversion='Ubuntu 11.4.0-2ubuntu1~18.04' --with-bugurl=file:///usr/share/doc/gcc-11/README.Bugs --enable-languages=c ada c++ go brig d fortran objc obj-c++ m2 --prefix=/usr --with-gcc-major-version-only --program-suffix=-11 --program-prefix=x86_64-linux-gnu- --enable-shared --enable-linker-build-id --libexecdir=/usr/lib --without-included-gettext --enable-threads=posix --libdir=/usr/lib --enable-nls --enable-clocale=gnu --enable-libstdcxx-debug --enable-libstdcxx-time=yes --with-default-libstdcxx-abi=new --enable-gnu-unique-object --disable-vtable-verify --enable-plugin --enable-default-pie --with-system-zlib --enable-libphobos-checking=release --with-target-system-zlib=auto --enable-objc-gc=auto --enable-multiarch --disable-werror --disable-cet --with-arch-32=i686 --with-abi=m64 --with-multilib-list=m32 m64 mx32 --enable-multilib --with-tune=generic --enable-offload-targets=nvptx-none=/build/gcc-11-lGhfd7/gcc-11-11.4.0/debian/tmp-nvptx/usr amdgcn-amdhsa=/build/gcc-11-lGhfd7/gcc-11-11.4.0/debian/tmp-gcn/usr --without-cuda-driver --enable-checking=release --build=x86_64-linux-gnu --host=x86_64-linux-gnu --target=x86_64-linux-gnu]
  ignore line: [Thread model: posix]
  ignore line: [Supported LTO compression algorithms: zlib zstd]
  ignore line: [gcc version 11.4.0 (Ubuntu 11.4.0-2ubuntu1~18.04) ]
  ignore line: [COMPILER_PATH=/usr/lib/gcc/x86_64-linux-gnu/11/:/usr/lib/gcc/x86_64-linux-gnu/11/:/usr/lib/gcc/x86_64-linux-gnu/:/usr/lib/gcc/x86_64-linux-gnu/11/:/usr/lib/gcc/x86_64-linux-gnu/]
  ignore line: [LIBRARY_PATH=/usr/lib/gcc/x86_64-linux-gnu/11/:/usr/lib/gcc/x86_64-linux-gnu/11/../../../x86_64-linux-gnu/:/usr/lib/gcc/x86_64-linux-gnu/11/../../../../lib/:/lib/x86_64-linux-gnu/:/lib/../lib/:/usr/lib/x86_64-linux-gnu/:/usr/lib/../lib/:/usr/lib/gcc/x86_64-linux-gnu/11/../../../:/lib/:/usr/lib/]
  ignore line: [COLLECT_GCC_OPTIONS='-v' '-o' 'cmTC_a0896' '-shared-libgcc' '-mtune=generic' '-march=x86-64' '-dumpdir' 'cmTC_a0896.']
  link line: [ /usr/lib/gcc/x86_64-linux-gnu/11/collect2 -plugin /usr/lib/gcc/x86_64-linux-gnu/11/liblto_plugin.so -plugin-opt=/usr/lib/gcc/x86_64-linux-gnu/11/lto-wrapper -plugin-opt=-fresolution=/tmp/ccwmPJIl.res -plugin-opt=-pass-through=-lgcc_s -plugin-opt=-pass-through=-lgcc -plugin-opt=-pass-through=-lc -plugin-opt=-pass-through=-lgcc_s -plugin-opt=-pass-through=-lgcc --build-id --eh-frame-hdr -m elf_x86_64 --hash-style=gnu --as-needed -dynamic-linker /lib64/ld-linux-x86-64.so.2 -pie -z now -z relro -o cmTC_a0896 /usr/lib/gcc/x86_64-linux-gnu/11/../../../x86_64-linux-gnu/Scrt1.o /usr/lib/gcc/x86_64-linux-gnu/11/../../../x86_64-linux-gnu/crti.o /usr/lib/gcc/x86_64-linux-gnu/11/crtbeginS.o -L/usr/lib/gcc/x86_64-linux-gnu/11 -L/usr/lib/gcc/x86_64-linux-gnu/11/../../../x86_64-linux-gnu -L/usr/lib/gcc/x86_64-linux-gnu/11/../../../../lib -L/lib/x86_64-linux-gnu -L/lib/../lib -L/usr/lib/x86_64-linux-gnu -L/usr/lib/../lib -L/usr/lib/gcc/x86_64-linux-gnu/11/../../.. CMakeFiles/cmTC_a0896.dir/CMakeCXXCompilerABI.cpp.o -lstdc++ -lm -lgcc_s -lgcc -lc -lgcc_s -lgcc /usr/lib/gcc/x86_64-linux-gnu/11/crtendS.o /usr/lib/gcc/x86_64-linux-gnu/11/../../../x86_64-linux-gnu/crtn.o]
    arg [/usr/lib/gcc/x86_64-linux-gnu/11/collect2] ==> ignore
    arg [-plugin] ==> ignore
    arg [/usr/lib/gcc/x86_64-linux-gnu/11/liblto_plugin.so] ==> ignore
    arg [-plugin-opt=/usr/lib/gcc/x86_64-linux-gnu/11/lto-wrapper] ==> ignore
    arg [-plugin-opt=-fresolution=/tmp/ccwmPJIl.res] ==> ignore
    arg [-plugin-opt=-pass-through=-lgcc_s] ==> ignore
    arg [-plugin-opt=-pass-through=-lgcc] ==> ignore
    arg [-plugin-opt=-pass-through=-lc] ==> ignore
    arg [-plugin-opt=-pass-through=-lgcc_s] ==> ignore
    arg [-plugin-opt=-pass-through=-lgcc] ==> ignore
    arg [--build-id] ==> ignore
    arg [--eh-frame-hdr] ==> ignore
    arg [-m] ==> ignore
    arg [elf_x86_64] ==> ignore
    arg [--hash-style=gnu] ==> ignore
    arg [--as-needed] ==> ignore
    arg [-dynamic-linker] ==> ignore
    arg [/lib64/ld-linux-x86-64.so.2] ==> ignore
    arg [-pie] ==> ignore
    arg [-znow] ==> ignore
    arg [-zrelro] ==> ignore
    arg [-o] ==> ignore
    arg [cmTC_a0896] ==> ignore
    arg [/usr/lib/gcc/x86_64-linux-gnu/11/../../../x86_64-linux-gnu/Scrt1.o] ==> ignore
    arg [/usr/lib/gcc/x86_64-linux-gnu/11/../../../x86_64-linux-gnu/crti.o] ==> ignore
    arg [/usr/lib/gcc/x86_64-linux-gnu/11/crtbeginS.o] ==> ignore
    arg [-L/usr/lib/gcc/x86_64-linux-gnu/11] ==> dir [/usr/lib/gcc/x86_64-linux-gnu/11]
    arg [-L/usr/lib/gcc/x86_64-linux-gnu/11/../../../x86_64-linux-gnu] ==> dir [/usr/lib/gcc/x86_64-linux-gnu/11/../../../x86_64-linux-gnu]
    arg [-L/usr/lib/gcc/x86_64-linux-gnu/11/../../../../lib] ==> dir [/usr/lib/gcc/x86_64-linux-gnu/11/../../../../lib]
    arg [-L/lib/x86_64-linux-gnu] ==> dir [/lib/x86_64-linux-gnu]
    arg [-L/lib/../lib] ==> dir [/lib/../lib]
    arg [-L/usr/lib/x86_64-linux-gnu] ==> dir [/usr/lib/x86_64-linux-gnu]
    arg [-L/usr/lib/../lib] ==> dir [/usr/lib/../lib]
    arg [-L/usr/lib/gcc/x86_64-linux-gnu/11/../../..] ==> dir [/usr/lib/gcc/x86_64-linux-gnu/11/../../..]
    arg [CMakeFiles/cmTC_a0896.dir/CMakeCXXCompilerABI.cpp.o] ==> ignore
    arg [-lstdc++] ==> lib [stdc++]
    arg [-lm] ==> lib [m]
    arg [-lgcc_s] ==> lib [gcc_s]
    arg [-lgcc] ==> lib [gcc]
    arg [-lc] ==> lib [c]
    arg [-lgcc_s] ==> lib [gcc_s]
    arg [-lgcc] ==> lib [gcc]
    arg [/usr/lib/gcc/x86_64-linux-gnu/11/crtendS.o] ==> ignore
    arg [/usr/lib/gcc/x86_64-linux-gnu/11/../../../x86_64-linux-gnu/crtn.o] ==> ignore
  collapse library dir [/usr/lib/gcc/x86_64-linux-gnu/11] ==> [/usr/lib/gcc/x86_64-linux-gnu/11]
  collapse library dir [/usr/lib/gcc/x86_64-linux-gnu/11/../../../x86_64-linux-gnu] ==> [/usr/lib/x86_64-linux-gnu]
  collapse library dir [/usr/lib/gcc/x86_64-linux-gnu/11/../../../../lib] ==> [/usr/lib]
  collapse library dir [/lib/x86_64-linux-gnu] ==> [/lib/x86_64-linux-gnu]
  collapse library dir [/lib/../lib] ==> [/lib]
  collapse library dir [/usr/lib/x86_64-linux-gnu] ==> [/usr/lib/x86_64-linux-gnu]
  collapse library dir [/usr/lib/../lib] ==> [/usr/lib]
  collapse library dir [/usr/lib/gcc/x86_64-linux-gnu/11/../../..] ==> [/usr/lib]
  implicit libs: [stdc++;m;gcc_s;gcc;c;gcc_s;gcc]
  implicit dirs: [/usr/lib/gcc/x86_64-linux-gnu/11;/usr/lib/x86_64-linux-gnu;/usr/lib;/lib/x86_64-linux-gnu;/lib]
  implicit fwks: []


Determining if the include file pthread.h exists passed with the following output:
Change Dir: /home/suhyeon/db-pim/mepid-join-artifact/upmem-2023.2.0-Linux-x86_64/src/backends/build/CMakeFiles/CMakeTmp

Run Build Command(s):/usr/bin/make cmTC_5aa2b/fast && /usr/bin/make -f CMakeFiles/cmTC_5aa2b.dir/build.make CMakeFiles/cmTC_5aa2b.dir/build
make[1]: Entering directory '/home/suhyeon/db-pim/mepid-join-artifact/upmem-2023.2.0-Linux-x86_64/src/backends/build/CMakeFiles/CMakeTmp'
Building C object CMakeFiles/cmTC_5aa2b.dir/CheckIncludeFile.c.o
/usr/bin/cc   -Wall -Werror -Wextra -std=gnu11     -o CMakeFiles/cmTC_5aa2b.dir/CheckIncludeFile.c.o   -c /home/suhyeon/db-pim/mepid-join-artifact/upmem-2023.2.0-Linux-x86_64/src/backends/build/CMakeFiles/CMakeTmp/CheckIncludeFile.c
Linking C executable cmTC_5aa2b
/usr/local/bin/cmake -E cmake_link_script CMakeFiles/cmTC_5aa2b.dir/link.txt --verbose=1
/usr/bin/cc  -Wall -Werror -Wextra -std=gnu11    -Wl,--enable-new-dtags  CMakeFiles/cmTC_5aa2b.dir/CheckIncludeFile.c.o  -o cmTC_5aa2b 
make[1]: Leaving directory '/home/suhyeon/db-pim/mepid-join-artifact/upmem-2023.2.0-Linux-x86_64/src/backends/build/CMakeFiles/CMakeTmp'



Determining if the function pthread_create exists in the pthread passed with the following output:
Change Dir: /home/suhyeon/db-pim/mepid-join-artifact/upmem-2023.2.0-Linux-x86_64/src/backends/build/CMakeFiles/CMakeTmp

Run Build Command(s):/usr/bin/make cmTC_1164b/fast && /usr/bin/make -f CMakeFiles/cmTC_1164b.dir/build.make CMakeFiles/cmTC_1164b.dir/build
make[1]: Entering directory '/home/suhyeon/db-pim/mepid-join-artifact/upmem-2023.2.0-Linux-x86_64/src/backends/build/CMakeFiles/CMakeTmp'
Building C object CMakeFiles/cmTC_1164b.dir/CheckFunctionExists.c.o
/usr/bin/cc   -Wall -Werror -Wextra -std=gnu11  -DCHECK_FUNCTION_EXISTS=pthread_create   -o CMakeFiles/cmTC_1164b.dir/CheckFunctionExists.c.o   -c /usr/local/share/cmake-3.17/Modules/CheckFunctionExists.c
Linking C executable cmTC_1164b
/usr/local/bin/cmake -E cmake_link_script CMakeFiles/cmTC_1164b.dir/link.txt --verbose=1
/usr/bin/cc  -Wall -Werror -Wextra -std=gnu11  -DCHECK_FUNCTION_EXISTS=pthread_create  -Wl,--enable-new-dtags  CMakeFiles/cmTC_1164b.dir/CheckFunctionExists.c.o  -o cmTC_1164b  -lpthread 
make[1]: Leaving directory '/home/suhyeon/db-pim/mepid-join-artifact/upmem-2023.2.0-Linux-x86_64/src/backends/build/CMakeFiles/CMakeTmp'



Performing C SOURCE FILE Test C_HAS_SSE1_1 succeeded with the following compile output:
Change Dir: /home/suhyeon/db-pim/mepid-join-artifact/upmem-2023.2.0-Linux-x86_64/src/backends/build/CMakeFiles/CMakeTmp

Run Build Command(s):/usr/bin/make cmTC_28eb0/fast && /usr/bin/make -f CMakeFiles/cmTC_28eb0.dir/build.make CMakeFiles/cmTC_28eb0.dir/build
make[1]: Entering directory '/home/suhyeon/db-pim/mepid-join-artifact/upmem-2023.2.0-Linux-x86_64/src/backends/build/CMakeFiles/CMakeTmp'
Building C object CMakeFiles/cmTC_28eb0.dir/src.c.o
/usr/bin/cc   -Wall -Werror -Wextra -std=gnu11  -DC_HAS_SSE1_1   -o CMakeFiles/cmTC_28eb0.dir/src.c.o   -c /home/suhyeon/db-pim/mepid-join-artifact/upmem-2023.2.0-Linux-x86_64/src/backends/build/CMakeFiles/CMakeTmp/src.c
Linking C executable cmTC_28eb0
/usr/local/bin/cmake -E cmake_link_script CMakeFiles/cmTC_28eb0.dir/link.txt --verbose=1
/usr/bin/cc  -Wall -Werror -Wextra -std=gnu11  -DC_HAS_SSE1_1  -Wl,--enable-new-dtags  CMakeFiles/cmTC_28eb0.dir/src.c.o  -o cmTC_28eb0 
make[1]: Leaving directory '/home/suhyeon/db-pim/mepid-join-artifact/upmem-2023.2.0-Linux-x86_64/src/backends/build/CMakeFiles/CMakeTmp'


...and run output:

Return value: 1
Source file was:

  #include <xmmintrin.h>
  int main()
  {
    __attribute__((unused)) __m128 a;
    float vals[4] = {0,0,0,0};
    a = _mm_loadu_ps(vals);
    return 0;
  }
Performing C SOURCE FILE Test C_HAS_SSE2_1 succeeded with the following compile output:
Change Dir: /home/suhyeon/db-pim/mepid-join-artifact/upmem-2023.2.0-Linux-x86_64/src/backends/build/CMakeFiles/CMakeTmp

Run Build Command(s):/usr/bin/make cmTC_3f2af/fast && /usr/bin/make -f CMakeFiles/cmTC_3f2af.dir/build.make CMakeFiles/cmTC_3f2af.dir/build
make[1]: Entering directory '/home/suhyeon/db-pim/mepid-join-artifact/upmem-2023.2.0-Linux-x86_64/src/backends/build/CMakeFiles/CMakeTmp'
Building C object CMakeFiles/cmTC_3f2af.dir/src.c.o
/usr/bin/cc   -Wall -Werror -Wextra -std=gnu11  -DC_HAS_SSE2_1   -o CMakeFiles/cmTC_3f2af.dir/src.c.o   -c /home/suhyeon/db-pim/mepid-join-artifact/upmem-2023.2.0-Linux-x86_64/src/backends/build/CMakeFiles/CMakeTmp/src.c
Linking C executable cmTC_3f2af
/usr/local/bin/cmake -E cmake_link_script CMakeFiles/cmTC_3f2af.dir/link.txt --verbose=1
/usr/bin/cc  -Wall -Werror -Wextra -std=gnu11  -DC_HAS_SSE2_1  -Wl,--enable-new-dtags  CMakeFiles/cmTC_3f2af.dir/src.c.o  -o cmTC_3f2af 
make[1]: Leaving directory '/home/suhyeon/db-pim/mepid-join-artifact/upmem-2023.2.0-Linux-x86_64/src/backends/build/CMakeFiles/CMakeTmp'


...and run output:

Return value: 1
Source file was:

  #include <emmintrin.h>
  int main()
  {
    __attribute__((unused)) __m128d a;
    double vals[2] = {0,0};
    a = _mm_loadu_pd(vals);
    return 0;
  }
Performing C SOURCE FILE Test C_HAS_SSE3_2 succeeded with the following compile output:
Change Dir: /home/suhyeon/db-pim/mepid-join-artifact/upmem-2023.2.0-Linux-x86_64/src/backends/build/CMakeFiles/CMakeTmp

Run Build Command(s):/usr/bin/make cmTC_a6600/fast && /usr/bin/make -f CMakeFiles/cmTC_a6600.dir/build.make CMakeFiles/cmTC_a6600.dir/build
make[1]: Entering directory '/home/suhyeon/db-pim/mepid-join-artifact/upmem-2023.2.0-Linux-x86_64/src/backends/build/CMakeFiles/CMakeTmp'
Building C object CMakeFiles/cmTC_a6600.dir/src.c.o
/usr/bin/cc   -Wall -Werror -Wextra -std=gnu11  -DC_HAS_SSE3_2 -msse3   -o CMakeFiles/cmTC_a6600.dir/src.c.o   -c /home/suhyeon/db-pim/mepid-join-artifact/upmem-2023.2.0-Linux-x86_64/src/backends/build/CMakeFiles/CMakeTmp/src.c
Linking C executable cmTC_a6600
/usr/local/bin/cmake -E cmake_link_script CMakeFiles/cmTC_a6600.dir/link.txt --verbose=1
/usr/bin/cc  -Wall -Werror -Wextra -std=gnu11  -DC_HAS_SSE3_2 -msse3  -Wl,--enable-new-dtags  CMakeFiles/cmTC_a6600.dir/src.c.o  -o cmTC_a6600 
make[1]: Leaving directory '/home/suhyeon/db-pim/mepid-join-artifact/upmem-2023.2.0-Linux-x86_64/src/backends/build/CMakeFiles/CMakeTmp'


...and run output:

Return value: 1
Source file was:

  #include <pmmintrin.h>
  int main( )
  {
    const int vals[4] = {0,0,0,0};
    __attribute__((unused)) __m128i a;
    a = _mm_lddqu_si128( (const __m128i*)vals );
    return 0;
  }
Performing C SOURCE FILE Test C_HAS_SSE4_1_2 succeeded with the following compile output:
Change Dir: /home/suhyeon/db-pim/mepid-join-artifact/upmem-2023.2.0-Linux-x86_64/src/backends/build/CMakeFiles/CMakeTmp

Run Build Command(s):/usr/bin/make cmTC_c4dad/fast && /usr/bin/make -f CMakeFiles/cmTC_c4dad.dir/build.make CMakeFiles/cmTC_c4dad.dir/build
make[1]: Entering directory '/home/suhyeon/db-pim/mepid-join-artifact/upmem-2023.2.0-Linux-x86_64/src/backends/build/CMakeFiles/CMakeTmp'
Building C object CMakeFiles/cmTC_c4dad.dir/src.c.o
/usr/bin/cc   -Wall -Werror -Wextra -std=gnu11  -DC_HAS_SSE4_1_2 -msse4.1   -o CMakeFiles/cmTC_c4dad.dir/src.c.o   -c /home/suhyeon/db-pim/mepid-join-artifact/upmem-2023.2.0-Linux-x86_64/src/backends/build/CMakeFiles/CMakeTmp/src.c
Linking C executable cmTC_c4dad
/usr/local/bin/cmake -E cmake_link_script CMakeFiles/cmTC_c4dad.dir/link.txt --verbose=1
/usr/bin/cc  -Wall -Werror -Wextra -std=gnu11  -DC_HAS_SSE4_1_2 -msse4.1  -Wl,--enable-new-dtags  CMakeFiles/cmTC_c4dad.dir/src.c.o  -o cmTC_c4dad 
make[1]: Leaving directory '/home/suhyeon/db-pim/mepid-join-artifact/upmem-2023.2.0-Linux-x86_64/src/backends/build/CMakeFiles/CMakeTmp'


...and run output:

Return value: 1
Source file was:

  #include <smmintrin.h>
  int main ()
  {
    __m128i a = _mm_set_epi8(0,0,0,0,0,0,0,0,0,0,0,0,0,0,0,0);
    __m128i b = _mm_set_epi8(0,0,0,0,0,0,0,0,0,0,0,0,0,0,0,0);
    __attribute__((unused)) __m128i res = _mm_max_epi8(a, b);
    return 0;
  }

Performing C SOURCE FILE Test C_HAS_SSE4_2_2 succeeded with the following compile output:
Change Dir: /home/suhyeon/db-pim/mepid-join-artifact/upmem-2023.2.0-Linux-x86_64/src/backends/build/CMakeFiles/CMakeTmp

Run Build Command(s):/usr/bin/make cmTC_9958e/fast && /usr/bin/make -f CMakeFiles/cmTC_9958e.dir/build.make CMakeFiles/cmTC_9958e.dir/build
make[1]: Entering directory '/home/suhyeon/db-pim/mepid-join-artifact/upmem-2023.2.0-Linux-x86_64/src/backends/build/CMakeFiles/CMakeTmp'
Building C object CMakeFiles/cmTC_9958e.dir/src.c.o
/usr/bin/cc   -Wall -Werror -Wextra -std=gnu11  -DC_HAS_SSE4_2_2 -msse4.2   -o CMakeFiles/cmTC_9958e.dir/src.c.o   -c /home/suhyeon/db-pim/mepid-join-artifact/upmem-2023.2.0-Linux-x86_64/src/backends/build/CMakeFiles/CMakeTmp/src.c
Linking C executable cmTC_9958e
/usr/local/bin/cmake -E cmake_link_script CMakeFiles/cmTC_9958e.dir/link.txt --verbose=1
/usr/bin/cc  -Wall -Werror -Wextra -std=gnu11  -DC_HAS_SSE4_2_2 -msse4.2  -Wl,--enable-new-dtags  CMakeFiles/cmTC_9958e.dir/src.c.o  -o cmTC_9958e 
make[1]: Leaving directory '/home/suhyeon/db-pim/mepid-join-artifact/upmem-2023.2.0-Linux-x86_64/src/backends/build/CMakeFiles/CMakeTmp'


...and run output:

Return value: 1
Source file was:

  #include <nmmintrin.h>
  int main()
  {
    __m128i a = _mm_set_epi8(0,0,0,0,0,0,0,0,0,0,0,0,0,0,0,0);
    __m128i b = _mm_set_epi8(0,0,0,0,0,0,0,0,0,0,0,0,0,0,0,0);
    __attribute__((unused)) __m128i c = _mm_set_epi8(0,0,0,0,0,0,0,0,0,0,0,0,0,0,0,0);
    c = _mm_cmpgt_epi64(a, b);
    return 0;
  }

Performing C SOURCE FILE Test C_HAS_AVX_2 succeeded with the following compile output:
Change Dir: /home/suhyeon/db-pim/mepid-join-artifact/upmem-2023.2.0-Linux-x86_64/src/backends/build/CMakeFiles/CMakeTmp

Run Build Command(s):/usr/bin/make cmTC_d54b7/fast && /usr/bin/make -f CMakeFiles/cmTC_d54b7.dir/build.make CMakeFiles/cmTC_d54b7.dir/build
make[1]: Entering directory '/home/suhyeon/db-pim/mepid-join-artifact/upmem-2023.2.0-Linux-x86_64/src/backends/build/CMakeFiles/CMakeTmp'
Building C object CMakeFiles/cmTC_d54b7.dir/src.c.o
/usr/bin/cc   -Wall -Werror -Wextra -std=gnu11  -DC_HAS_AVX_2 -mavx   -o CMakeFiles/cmTC_d54b7.dir/src.c.o   -c /home/suhyeon/db-pim/mepid-join-artifact/upmem-2023.2.0-Linux-x86_64/src/backends/build/CMakeFiles/CMakeTmp/src.c
Linking C executable cmTC_d54b7
/usr/local/bin/cmake -E cmake_link_script CMakeFiles/cmTC_d54b7.dir/link.txt --verbose=1
/usr/bin/cc  -Wall -Werror -Wextra -std=gnu11  -DC_HAS_AVX_2 -mavx  -Wl,--enable-new-dtags  CMakeFiles/cmTC_d54b7.dir/src.c.o  -o cmTC_d54b7 
make[1]: Leaving directory '/home/suhyeon/db-pim/mepid-join-artifact/upmem-2023.2.0-Linux-x86_64/src/backends/build/CMakeFiles/CMakeTmp'


...and run output:

Return value: 1
Source file was:

  #include <immintrin.h>
  int main()
  {
    __attribute__((unused)) __m256 a;
    a = _mm256_set1_ps(0);
    return 0;
  }

Performing C SOURCE FILE Test C_HAS_AVX2_2 succeeded with the following compile output:
Change Dir: /home/suhyeon/db-pim/mepid-join-artifact/upmem-2023.2.0-Linux-x86_64/src/backends/build/CMakeFiles/CMakeTmp

Run Build Command(s):/usr/bin/make cmTC_20b00/fast && /usr/bin/make -f CMakeFiles/cmTC_20b00.dir/build.make CMakeFiles/cmTC_20b00.dir/build
make[1]: Entering directory '/home/suhyeon/db-pim/mepid-join-artifact/upmem-2023.2.0-Linux-x86_64/src/backends/build/CMakeFiles/CMakeTmp'
Building C object CMakeFiles/cmTC_20b00.dir/src.c.o
/usr/bin/cc   -Wall -Werror -Wextra -std=gnu11  -DC_HAS_AVX2_2 -mavx2 -mfma   -o CMakeFiles/cmTC_20b00.dir/src.c.o   -c /home/suhyeon/db-pim/mepid-join-artifact/upmem-2023.2.0-Linux-x86_64/src/backends/build/CMakeFiles/CMakeTmp/src.c
Linking C executable cmTC_20b00
/usr/local/bin/cmake -E cmake_link_script CMakeFiles/cmTC_20b00.dir/link.txt --verbose=1
/usr/bin/cc  -Wall -Werror -Wextra -std=gnu11  -DC_HAS_AVX2_2 -mavx2 -mfma  -Wl,--enable-new-dtags  CMakeFiles/cmTC_20b00.dir/src.c.o  -o cmTC_20b00 
make[1]: Leaving directory '/home/suhyeon/db-pim/mepid-join-artifact/upmem-2023.2.0-Linux-x86_64/src/backends/build/CMakeFiles/CMakeTmp'


...and run output:

Return value: 1
Source file was:

  #include <immintrin.h>
  int main()
  {
    __m256i a = {0};
    a = _mm256_abs_epi16(a);
    return 0;
  }

Performing C SOURCE FILE Test C_HAS_AVX512F_2 succeeded with the following compile output:
Change Dir: /home/suhyeon/db-pim/mepid-join-artifact/upmem-2023.2.0-Linux-x86_64/src/backends/build/CMakeFiles/CMakeTmp

Run Build Command(s):/usr/bin/make cmTC_12a60/fast && /usr/bin/make -f CMakeFiles/cmTC_12a60.dir/build.make CMakeFiles/cmTC_12a60.dir/build
make[1]: Entering directory '/home/suhyeon/db-pim/mepid-join-artifact/upmem-2023.2.0-Linux-x86_64/src/backends/build/CMakeFiles/CMakeTmp'
Building C object CMakeFiles/cmTC_12a60.dir/src.c.o
/usr/bin/cc   -Wall -Werror -Wextra -std=gnu11  -DC_HAS_AVX512F_2 -mavx512f   -o CMakeFiles/cmTC_12a60.dir/src.c.o   -c /home/suhyeon/db-pim/mepid-join-artifact/upmem-2023.2.0-Linux-x86_64/src/backends/build/CMakeFiles/CMakeTmp/src.c
Linking C executable cmTC_12a60
/usr/local/bin/cmake -E cmake_link_script CMakeFiles/cmTC_12a60.dir/link.txt --verbose=1
/usr/bin/cc  -Wall -Werror -Wextra -std=gnu11  -DC_HAS_AVX512F_2 -mavx512f  -Wl,--enable-new-dtags  CMakeFiles/cmTC_12a60.dir/src.c.o  -o cmTC_12a60 
make[1]: Leaving directory '/home/suhyeon/db-pim/mepid-join-artifact/upmem-2023.2.0-Linux-x86_64/src/backends/build/CMakeFiles/CMakeTmp'


...and run output:

Return value: 1
Source file was:

  #include <immintrin.h>
  int main()
  {
    __m512 a = _mm512_set1_ps(1.f);
    a = _mm512_add_ps(a, _mm512_set1_ps(1.f));;
    return 0;
  }

Performing C SOURCE FILE Test C_HAS_AVX512BW_2 succeeded with the following compile output:
Change Dir: /home/suhyeon/db-pim/mepid-join-artifact/upmem-2023.2.0-Linux-x86_64/src/backends/build/CMakeFiles/CMakeTmp

Run Build Command(s):/usr/bin/make cmTC_0e2d1/fast && /usr/bin/make -f CMakeFiles/cmTC_0e2d1.dir/build.make CMakeFiles/cmTC_0e2d1.dir/build
make[1]: Entering directory '/home/suhyeon/db-pim/mepid-join-artifact/upmem-2023.2.0-Linux-x86_64/src/backends/build/CMakeFiles/CMakeTmp'
Building C object CMakeFiles/cmTC_0e2d1.dir/src.c.o
/usr/bin/cc   -Wall -Werror -Wextra -std=gnu11  -DC_HAS_AVX512BW_2 -mavx512bw   -o CMakeFiles/cmTC_0e2d1.dir/src.c.o   -c /home/suhyeon/db-pim/mepid-join-artifact/upmem-2023.2.0-Linux-x86_64/src/backends/build/CMakeFiles/CMakeTmp/src.c
Linking C executable cmTC_0e2d1
/usr/local/bin/cmake -E cmake_link_script CMakeFiles/cmTC_0e2d1.dir/link.txt --verbose=1
/usr/bin/cc  -Wall -Werror -Wextra -std=gnu11  -DC_HAS_AVX512BW_2 -mavx512bw  -Wl,--enable-new-dtags  CMakeFiles/cmTC_0e2d1.dir/src.c.o  -o cmTC_0e2d1 
make[1]: Leaving directory '/home/suhyeon/db-pim/mepid-join-artifact/upmem-2023.2.0-Linux-x86_64/src/backends/build/CMakeFiles/CMakeTmp'


...and run output:

Return value: 1
Source file was:

  #include <immintrin.h>
  int main()
  {
    __m512i mask = _mm512_set_epi64(0, 0, 0, 0, 0, 0, 0, 0);
    __attribute__((unused)) __m512i load = {0};
    load = _mm512_shuffle_epi8(load, mask);
    return 0;
  }

Performing C SOURCE FILE Test C_HAS_CLFLUSHOPT_2 succeeded with the following compile output:
Change Dir: /home/suhyeon/db-pim/mepid-join-artifact/upmem-2023.2.0-Linux-x86_64/src/backends/build/CMakeFiles/CMakeTmp

Run Build Command(s):/usr/bin/make cmTC_a6f18/fast && /usr/bin/make -f CMakeFiles/cmTC_a6f18.dir/build.make CMakeFiles/cmTC_a6f18.dir/build
make[1]: Entering directory '/home/suhyeon/db-pim/mepid-join-artifact/upmem-2023.2.0-Linux-x86_64/src/backends/build/CMakeFiles/CMakeTmp'
Building C object CMakeFiles/cmTC_a6f18.dir/src.c.o
/usr/bin/cc   -Wall -Werror -Wextra -std=gnu11  -DC_HAS_CLFLUSHOPT_2 -mclflushopt   -o CMakeFiles/cmTC_a6f18.dir/src.c.o   -c /home/suhyeon/db-pim/mepid-join-artifact/upmem-2023.2.0-Linux-x86_64/src/backends/build/CMakeFiles/CMakeTmp/src.c
Linking C executable cmTC_a6f18
/usr/local/bin/cmake -E cmake_link_script CMakeFiles/cmTC_a6f18.dir/link.txt --verbose=1
/usr/bin/cc  -Wall -Werror -Wextra -std=gnu11  -DC_HAS_CLFLUSHOPT_2 -mclflushopt  -Wl,--enable-new-dtags  CMakeFiles/cmTC_a6f18.dir/src.c.o  -o cmTC_a6f18 
make[1]: Leaving directory '/home/suhyeon/db-pim/mepid-join-artifact/upmem-2023.2.0-Linux-x86_64/src/backends/build/CMakeFiles/CMakeTmp'


...and run output:

Return value: 1
Source file was:

  #include <immintrin.h>
  int main()
  {
    int flush = 1;
    __builtin_ia32_clflushopt(&flush);
    return 0;
  }

Performing C SOURCE FILE Test CXX_HAS_SSE1_1 succeeded with the following compile output:
Change Dir: /home/suhyeon/db-pim/mepid-join-artifact/upmem-2023.2.0-Linux-x86_64/src/backends/build/CMakeFiles/CMakeTmp

Run Build Command(s):/usr/bin/make cmTC_c3152/fast && /usr/bin/make -f CMakeFiles/cmTC_c3152.dir/build.make CMakeFiles/cmTC_c3152.dir/build
make[1]: Entering directory '/home/suhyeon/db-pim/mepid-join-artifact/upmem-2023.2.0-Linux-x86_64/src/backends/build/CMakeFiles/CMakeTmp'
Building C object CMakeFiles/cmTC_c3152.dir/src.c.o
/usr/bin/cc   -Wall -Werror -Wextra -std=gnu11  -DCXX_HAS_SSE1_1   -o CMakeFiles/cmTC_c3152.dir/src.c.o   -c /home/suhyeon/db-pim/mepid-join-artifact/upmem-2023.2.0-Linux-x86_64/src/backends/build/CMakeFiles/CMakeTmp/src.c
Linking C executable cmTC_c3152
/usr/local/bin/cmake -E cmake_link_script CMakeFiles/cmTC_c3152.dir/link.txt --verbose=1
/usr/bin/cc  -Wall -Werror -Wextra -std=gnu11  -DCXX_HAS_SSE1_1  -Wl,--enable-new-dtags  CMakeFiles/cmTC_c3152.dir/src.c.o  -o cmTC_c3152 
make[1]: Leaving directory '/home/suhyeon/db-pim/mepid-join-artifact/upmem-2023.2.0-Linux-x86_64/src/backends/build/CMakeFiles/CMakeTmp'


...and run output:

Return value: 1
Source file was:

  #include <xmmintrin.h>
  int main()
  {
    __attribute__((unused)) __m128 a;
    float vals[4] = {0,0,0,0};
    a = _mm_loadu_ps(vals);
    return 0;
  }
Performing C SOURCE FILE Test CXX_HAS_SSE2_1 succeeded with the following compile output:
Change Dir: /home/suhyeon/db-pim/mepid-join-artifact/upmem-2023.2.0-Linux-x86_64/src/backends/build/CMakeFiles/CMakeTmp

Run Build Command(s):/usr/bin/make cmTC_5292a/fast && /usr/bin/make -f CMakeFiles/cmTC_5292a.dir/build.make CMakeFiles/cmTC_5292a.dir/build
make[1]: Entering directory '/home/suhyeon/db-pim/mepid-join-artifact/upmem-2023.2.0-Linux-x86_64/src/backends/build/CMakeFiles/CMakeTmp'
Building C object CMakeFiles/cmTC_5292a.dir/src.c.o
/usr/bin/cc   -Wall -Werror -Wextra -std=gnu11  -DCXX_HAS_SSE2_1   -o CMakeFiles/cmTC_5292a.dir/src.c.o   -c /home/suhyeon/db-pim/mepid-join-artifact/upmem-2023.2.0-Linux-x86_64/src/backends/build/CMakeFiles/CMakeTmp/src.c
Linking C executable cmTC_5292a
/usr/local/bin/cmake -E cmake_link_script CMakeFiles/cmTC_5292a.dir/link.txt --verbose=1
/usr/bin/cc  -Wall -Werror -Wextra -std=gnu11  -DCXX_HAS_SSE2_1  -Wl,--enable-new-dtags  CMakeFiles/cmTC_5292a.dir/src.c.o  -o cmTC_5292a 
make[1]: Leaving directory '/home/suhyeon/db-pim/mepid-join-artifact/upmem-2023.2.0-Linux-x86_64/src/backends/build/CMakeFiles/CMakeTmp'


...and run output:

Return value: 1
Source file was:

  #include <emmintrin.h>
  int main()
  {
    __attribute__((unused)) __m128d a;
    double vals[2] = {0,0};
    a = _mm_loadu_pd(vals);
    return 0;
  }
Performing C SOURCE FILE Test CXX_HAS_SSE3_2 succeeded with the following compile output:
Change Dir: /home/suhyeon/db-pim/mepid-join-artifact/upmem-2023.2.0-Linux-x86_64/src/backends/build/CMakeFiles/CMakeTmp

Run Build Command(s):/usr/bin/make cmTC_20ddc/fast && /usr/bin/make -f CMakeFiles/cmTC_20ddc.dir/build.make CMakeFiles/cmTC_20ddc.dir/build
make[1]: Entering directory '/home/suhyeon/db-pim/mepid-join-artifact/upmem-2023.2.0-Linux-x86_64/src/backends/build/CMakeFiles/CMakeTmp'
Building C object CMakeFiles/cmTC_20ddc.dir/src.c.o
/usr/bin/cc   -Wall -Werror -Wextra -std=gnu11  -DCXX_HAS_SSE3_2 -msse3   -o CMakeFiles/cmTC_20ddc.dir/src.c.o   -c /home/suhyeon/db-pim/mepid-join-artifact/upmem-2023.2.0-Linux-x86_64/src/backends/build/CMakeFiles/CMakeTmp/src.c
Linking C executable cmTC_20ddc
/usr/local/bin/cmake -E cmake_link_script CMakeFiles/cmTC_20ddc.dir/link.txt --verbose=1
/usr/bin/cc  -Wall -Werror -Wextra -std=gnu11  -DCXX_HAS_SSE3_2 -msse3  -Wl,--enable-new-dtags  CMakeFiles/cmTC_20ddc.dir/src.c.o  -o cmTC_20ddc 
make[1]: Leaving directory '/home/suhyeon/db-pim/mepid-join-artifact/upmem-2023.2.0-Linux-x86_64/src/backends/build/CMakeFiles/CMakeTmp'


...and run output:

Return value: 1
Source file was:

  #include <pmmintrin.h>
  int main( )
  {
    const int vals[4] = {0,0,0,0};
    __attribute__((unused)) __m128i a;
    a = _mm_lddqu_si128( (const __m128i*)vals );
    return 0;
  }
Performing C SOURCE FILE Test CXX_HAS_SSE4_1_2 succeeded with the following compile output:
Change Dir: /home/suhyeon/db-pim/mepid-join-artifact/upmem-2023.2.0-Linux-x86_64/src/backends/build/CMakeFiles/CMakeTmp

Run Build Command(s):/usr/bin/make cmTC_c7f58/fast && /usr/bin/make -f CMakeFiles/cmTC_c7f58.dir/build.make CMakeFiles/cmTC_c7f58.dir/build
make[1]: Entering directory '/home/suhyeon/db-pim/mepid-join-artifact/upmem-2023.2.0-Linux-x86_64/src/backends/build/CMakeFiles/CMakeTmp'
Building C object CMakeFiles/cmTC_c7f58.dir/src.c.o
/usr/bin/cc   -Wall -Werror -Wextra -std=gnu11  -DCXX_HAS_SSE4_1_2 -msse4.1   -o CMakeFiles/cmTC_c7f58.dir/src.c.o   -c /home/suhyeon/db-pim/mepid-join-artifact/upmem-2023.2.0-Linux-x86_64/src/backends/build/CMakeFiles/CMakeTmp/src.c
Linking C executable cmTC_c7f58
/usr/local/bin/cmake -E cmake_link_script CMakeFiles/cmTC_c7f58.dir/link.txt --verbose=1
/usr/bin/cc  -Wall -Werror -Wextra -std=gnu11  -DCXX_HAS_SSE4_1_2 -msse4.1  -Wl,--enable-new-dtags  CMakeFiles/cmTC_c7f58.dir/src.c.o  -o cmTC_c7f58 
make[1]: Leaving directory '/home/suhyeon/db-pim/mepid-join-artifact/upmem-2023.2.0-Linux-x86_64/src/backends/build/CMakeFiles/CMakeTmp'


...and run output:

Return value: 1
Source file was:

  #include <smmintrin.h>
  int main ()
  {
    __m128i a = _mm_set_epi8(0,0,0,0,0,0,0,0,0,0,0,0,0,0,0,0);
    __m128i b = _mm_set_epi8(0,0,0,0,0,0,0,0,0,0,0,0,0,0,0,0);
    __attribute__((unused)) __m128i res = _mm_max_epi8(a, b);
    return 0;
  }

Performing C SOURCE FILE Test CXX_HAS_SSE4_2_2 succeeded with the following compile output:
Change Dir: /home/suhyeon/db-pim/mepid-join-artifact/upmem-2023.2.0-Linux-x86_64/src/backends/build/CMakeFiles/CMakeTmp

Run Build Command(s):/usr/bin/make cmTC_38bed/fast && /usr/bin/make -f CMakeFiles/cmTC_38bed.dir/build.make CMakeFiles/cmTC_38bed.dir/build
make[1]: Entering directory '/home/suhyeon/db-pim/mepid-join-artifact/upmem-2023.2.0-Linux-x86_64/src/backends/build/CMakeFiles/CMakeTmp'
Building C object CMakeFiles/cmTC_38bed.dir/src.c.o
/usr/bin/cc   -Wall -Werror -Wextra -std=gnu11  -DCXX_HAS_SSE4_2_2 -msse4.2   -o CMakeFiles/cmTC_38bed.dir/src.c.o   -c /home/suhyeon/db-pim/mepid-join-artifact/upmem-2023.2.0-Linux-x86_64/src/backends/build/CMakeFiles/CMakeTmp/src.c
Linking C executable cmTC_38bed
/usr/local/bin/cmake -E cmake_link_script CMakeFiles/cmTC_38bed.dir/link.txt --verbose=1
/usr/bin/cc  -Wall -Werror -Wextra -std=gnu11  -DCXX_HAS_SSE4_2_2 -msse4.2  -Wl,--enable-new-dtags  CMakeFiles/cmTC_38bed.dir/src.c.o  -o cmTC_38bed 
make[1]: Leaving directory '/home/suhyeon/db-pim/mepid-join-artifact/upmem-2023.2.0-Linux-x86_64/src/backends/build/CMakeFiles/CMakeTmp'


...and run output:

Return value: 1
Source file was:

  #include <nmmintrin.h>
  int main()
  {
    __m128i a = _mm_set_epi8(0,0,0,0,0,0,0,0,0,0,0,0,0,0,0,0);
    __m128i b = _mm_set_epi8(0,0,0,0,0,0,0,0,0,0,0,0,0,0,0,0);
    __attribute__((unused)) __m128i c = _mm_set_epi8(0,0,0,0,0,0,0,0,0,0,0,0,0,0,0,0);
    c = _mm_cmpgt_epi64(a, b);
    return 0;
  }

Performing C SOURCE FILE Test CXX_HAS_AVX_2 succeeded with the following compile output:
Change Dir: /home/suhyeon/db-pim/mepid-join-artifact/upmem-2023.2.0-Linux-x86_64/src/backends/build/CMakeFiles/CMakeTmp

Run Build Command(s):/usr/bin/make cmTC_8153f/fast && /usr/bin/make -f CMakeFiles/cmTC_8153f.dir/build.make CMakeFiles/cmTC_8153f.dir/build
make[1]: Entering directory '/home/suhyeon/db-pim/mepid-join-artifact/upmem-2023.2.0-Linux-x86_64/src/backends/build/CMakeFiles/CMakeTmp'
Building C object CMakeFiles/cmTC_8153f.dir/src.c.o
/usr/bin/cc   -Wall -Werror -Wextra -std=gnu11  -DCXX_HAS_AVX_2 -mavx   -o CMakeFiles/cmTC_8153f.dir/src.c.o   -c /home/suhyeon/db-pim/mepid-join-artifact/upmem-2023.2.0-Linux-x86_64/src/backends/build/CMakeFiles/CMakeTmp/src.c
Linking C executable cmTC_8153f
/usr/local/bin/cmake -E cmake_link_script CMakeFiles/cmTC_8153f.dir/link.txt --verbose=1
/usr/bin/cc  -Wall -Werror -Wextra -std=gnu11  -DCXX_HAS_AVX_2 -mavx  -Wl,--enable-new-dtags  CMakeFiles/cmTC_8153f.dir/src.c.o  -o cmTC_8153f 
make[1]: Leaving directory '/home/suhyeon/db-pim/mepid-join-artifact/upmem-2023.2.0-Linux-x86_64/src/backends/build/CMakeFiles/CMakeTmp'


...and run output:

Return value: 1
Source file was:

  #include <immintrin.h>
  int main()
  {
    __attribute__((unused)) __m256 a;
    a = _mm256_set1_ps(0);
    return 0;
  }

Performing C SOURCE FILE Test CXX_HAS_AVX2_2 succeeded with the following compile output:
Change Dir: /home/suhyeon/db-pim/mepid-join-artifact/upmem-2023.2.0-Linux-x86_64/src/backends/build/CMakeFiles/CMakeTmp

Run Build Command(s):/usr/bin/make cmTC_f2a71/fast && /usr/bin/make -f CMakeFiles/cmTC_f2a71.dir/build.make CMakeFiles/cmTC_f2a71.dir/build
make[1]: Entering directory '/home/suhyeon/db-pim/mepid-join-artifact/upmem-2023.2.0-Linux-x86_64/src/backends/build/CMakeFiles/CMakeTmp'
Building C object CMakeFiles/cmTC_f2a71.dir/src.c.o
/usr/bin/cc   -Wall -Werror -Wextra -std=gnu11  -DCXX_HAS_AVX2_2 -mavx2 -mfma   -o CMakeFiles/cmTC_f2a71.dir/src.c.o   -c /home/suhyeon/db-pim/mepid-join-artifact/upmem-2023.2.0-Linux-x86_64/src/backends/build/CMakeFiles/CMakeTmp/src.c
Linking C executable cmTC_f2a71
/usr/local/bin/cmake -E cmake_link_script CMakeFiles/cmTC_f2a71.dir/link.txt --verbose=1
/usr/bin/cc  -Wall -Werror -Wextra -std=gnu11  -DCXX_HAS_AVX2_2 -mavx2 -mfma  -Wl,--enable-new-dtags  CMakeFiles/cmTC_f2a71.dir/src.c.o  -o cmTC_f2a71 
make[1]: Leaving directory '/home/suhyeon/db-pim/mepid-join-artifact/upmem-2023.2.0-Linux-x86_64/src/backends/build/CMakeFiles/CMakeTmp'


...and run output:

Return value: 1
Source file was:

  #include <immintrin.h>
  int main()
  {
    __m256i a = {0};
    a = _mm256_abs_epi16(a);
    return 0;
  }

Performing C SOURCE FILE Test CXX_HAS_AVX512F_2 succeeded with the following compile output:
Change Dir: /home/suhyeon/db-pim/mepid-join-artifact/upmem-2023.2.0-Linux-x86_64/src/backends/build/CMakeFiles/CMakeTmp

Run Build Command(s):/usr/bin/make cmTC_26728/fast && /usr/bin/make -f CMakeFiles/cmTC_26728.dir/build.make CMakeFiles/cmTC_26728.dir/build
make[1]: Entering directory '/home/suhyeon/db-pim/mepid-join-artifact/upmem-2023.2.0-Linux-x86_64/src/backends/build/CMakeFiles/CMakeTmp'
Building C object CMakeFiles/cmTC_26728.dir/src.c.o
/usr/bin/cc   -Wall -Werror -Wextra -std=gnu11  -DCXX_HAS_AVX512F_2 -mavx512f   -o CMakeFiles/cmTC_26728.dir/src.c.o   -c /home/suhyeon/db-pim/mepid-join-artifact/upmem-2023.2.0-Linux-x86_64/src/backends/build/CMakeFiles/CMakeTmp/src.c
Linking C executable cmTC_26728
/usr/local/bin/cmake -E cmake_link_script CMakeFiles/cmTC_26728.dir/link.txt --verbose=1
/usr/bin/cc  -Wall -Werror -Wextra -std=gnu11  -DCXX_HAS_AVX512F_2 -mavx512f  -Wl,--enable-new-dtags  CMakeFiles/cmTC_26728.dir/src.c.o  -o cmTC_26728 
make[1]: Leaving directory '/home/suhyeon/db-pim/mepid-join-artifact/upmem-2023.2.0-Linux-x86_64/src/backends/build/CMakeFiles/CMakeTmp'


...and run output:

Return value: 1
Source file was:

  #include <immintrin.h>
  int main()
  {
    __m512 a = _mm512_set1_ps(1.f);
    a = _mm512_add_ps(a, _mm512_set1_ps(1.f));;
    return 0;
  }

Performing C SOURCE FILE Test CXX_HAS_AVX512BW_2 succeeded with the following compile output:
Change Dir: /home/suhyeon/db-pim/mepid-join-artifact/upmem-2023.2.0-Linux-x86_64/src/backends/build/CMakeFiles/CMakeTmp

Run Build Command(s):/usr/bin/make cmTC_1613f/fast && /usr/bin/make -f CMakeFiles/cmTC_1613f.dir/build.make CMakeFiles/cmTC_1613f.dir/build
make[1]: Entering directory '/home/suhyeon/db-pim/mepid-join-artifact/upmem-2023.2.0-Linux-x86_64/src/backends/build/CMakeFiles/CMakeTmp'
Building C object CMakeFiles/cmTC_1613f.dir/src.c.o
/usr/bin/cc   -Wall -Werror -Wextra -std=gnu11  -DCXX_HAS_AVX512BW_2 -mavx512bw   -o CMakeFiles/cmTC_1613f.dir/src.c.o   -c /home/suhyeon/db-pim/mepid-join-artifact/upmem-2023.2.0-Linux-x86_64/src/backends/build/CMakeFiles/CMakeTmp/src.c
Linking C executable cmTC_1613f
/usr/local/bin/cmake -E cmake_link_script CMakeFiles/cmTC_1613f.dir/link.txt --verbose=1
/usr/bin/cc  -Wall -Werror -Wextra -std=gnu11  -DCXX_HAS_AVX512BW_2 -mavx512bw  -Wl,--enable-new-dtags  CMakeFiles/cmTC_1613f.dir/src.c.o  -o cmTC_1613f 
make[1]: Leaving directory '/home/suhyeon/db-pim/mepid-join-artifact/upmem-2023.2.0-Linux-x86_64/src/backends/build/CMakeFiles/CMakeTmp'


...and run output:

Return value: 1
Source file was:

  #include <immintrin.h>
  int main()
  {
    __m512i mask = _mm512_set_epi64(0, 0, 0, 0, 0, 0, 0, 0);
    __attribute__((unused)) __m512i load = {0};
    load = _mm512_shuffle_epi8(load, mask);
    return 0;
  }

Performing C SOURCE FILE Test CXX_HAS_CLFLUSHOPT_2 succeeded with the following compile output:
Change Dir: /home/suhyeon/db-pim/mepid-join-artifact/upmem-2023.2.0-Linux-x86_64/src/backends/build/CMakeFiles/CMakeTmp

Run Build Command(s):/usr/bin/make cmTC_bd2c3/fast && /usr/bin/make -f CMakeFiles/cmTC_bd2c3.dir/build.make CMakeFiles/cmTC_bd2c3.dir/build
make[1]: Entering directory '/home/suhyeon/db-pim/mepid-join-artifact/upmem-2023.2.0-Linux-x86_64/src/backends/build/CMakeFiles/CMakeTmp'
Building C object CMakeFiles/cmTC_bd2c3.dir/src.c.o
/usr/bin/cc   -Wall -Werror -Wextra -std=gnu11  -DCXX_HAS_CLFLUSHOPT_2 -mclflushopt   -o CMakeFiles/cmTC_bd2c3.dir/src.c.o   -c /home/suhyeon/db-pim/mepid-join-artifact/upmem-2023.2.0-Linux-x86_64/src/backends/build/CMakeFiles/CMakeTmp/src.c
Linking C executable cmTC_bd2c3
/usr/local/bin/cmake -E cmake_link_script CMakeFiles/cmTC_bd2c3.dir/link.txt --verbose=1
/usr/bin/cc  -Wall -Werror -Wextra -std=gnu11  -DCXX_HAS_CLFLUSHOPT_2 -mclflushopt  -Wl,--enable-new-dtags  CMakeFiles/cmTC_bd2c3.dir/src.c.o  -o cmTC_bd2c3 
make[1]: Leaving directory '/home/suhyeon/db-pim/mepid-join-artifact/upmem-2023.2.0-Linux-x86_64/src/backends/build/CMakeFiles/CMakeTmp'


...and run output:

Return value: 1
Source file was:

  #include <immintrin.h>
  int main()
  {
    int flush = 1;
    __builtin_ia32_clflushopt(&flush);
    return 0;
  }

